Archive member included because of file (symbol)

e:/d_backup/tech/arduino-1.0.1-windows/arduino-1.0.1/hardware/tools/avr/bin/../lib/gcc/avr/4.3.2/../../../../avr/lib/avr6\libc.a(malloc.o)
                              ./planning/path_planning.o (malloc)
e:/d_backup/tech/arduino-1.0.1-windows/arduino-1.0.1/hardware/tools/avr/bin/../lib/gcc/avr/4.3.2/../../../../avr/lib/avr6\libc.a(realloc.o)
                              ./planning/path_planning.o (realloc)
e:/d_backup/tech/arduino-1.0.1-windows/arduino-1.0.1/hardware/tools/avr/bin/../lib/gcc/avr/4.3.2/../../../../avr/lib/avr6\libc.a(exit.o)
                              e:/d_backup/tech/arduino-1.0.1-windows/arduino-1.0.1/hardware/tools/avr/bin/../lib/gcc/avr/4.3.2/../../../../avr/lib/avr6/crtm2560.o (exit)
e:/d_backup/tech/arduino-1.0.1-windows/arduino-1.0.1/hardware/tools/avr/bin/../lib/gcc/avr/4.3.2/../../../../avr/lib/avr6\libc.a(memcpy.o)
                              e:/d_backup/tech/arduino-1.0.1-windows/arduino-1.0.1/hardware/tools/avr/bin/../lib/gcc/avr/4.3.2/../../../../avr/lib/avr6\libc.a(realloc.o) (memcpy)
e:/d_backup/tech/arduino-1.0.1-windows/arduino-1.0.1/hardware/tools/avr/bin/../lib/gcc/avr/4.3.2/../../../../avr/lib/avr6\libc.a(addsf3.o)
                              ./RangeFind/range_find.o (__subsf3)
e:/d_backup/tech/arduino-1.0.1-windows/arduino-1.0.1/hardware/tools/avr/bin/../lib/gcc/avr/4.3.2/../../../../avr/lib/avr6\libc.a(addsf3x.o)
                              e:/d_backup/tech/arduino-1.0.1-windows/arduino-1.0.1/hardware/tools/avr/bin/../lib/gcc/avr/4.3.2/../../../../avr/lib/avr6\libc.a(addsf3.o) (__addsf3x)
e:/d_backup/tech/arduino-1.0.1-windows/arduino-1.0.1/hardware/tools/avr/bin/../lib/gcc/avr/4.3.2/../../../../avr/lib/avr6\libc.a(cmpsf2.o)
                              ./RangeFind/range_find.o (__ltsf2)
e:/d_backup/tech/arduino-1.0.1-windows/arduino-1.0.1/hardware/tools/avr/bin/../lib/gcc/avr/4.3.2/../../../../avr/lib/avr6\libc.a(divsf3.o)
                              ./line_sensor/line_sensor.o (__divsf3)
e:/d_backup/tech/arduino-1.0.1-windows/arduino-1.0.1/hardware/tools/avr/bin/../lib/gcc/avr/4.3.2/../../../../avr/lib/avr6\libc.a(divsf3x.o)
                              e:/d_backup/tech/arduino-1.0.1-windows/arduino-1.0.1/hardware/tools/avr/bin/../lib/gcc/avr/4.3.2/../../../../avr/lib/avr6\libc.a(divsf3.o) (__divsf3x)
e:/d_backup/tech/arduino-1.0.1-windows/arduino-1.0.1/hardware/tools/avr/bin/../lib/gcc/avr/4.3.2/../../../../avr/lib/avr6\libc.a(fixsfsi.o)
                              ./RangeFind/range_find.o (__fixsfsi)
e:/d_backup/tech/arduino-1.0.1-windows/arduino-1.0.1/hardware/tools/avr/bin/../lib/gcc/avr/4.3.2/../../../../avr/lib/avr6\libc.a(fixunssfsi.o)
                              ./RangeFind/range_find.o (__fixunssfsi)
e:/d_backup/tech/arduino-1.0.1-windows/arduino-1.0.1/hardware/tools/avr/bin/../lib/gcc/avr/4.3.2/../../../../avr/lib/avr6\libc.a(floatsisf.o)
                              ./RangeFind/range_find.o (__floatunsisf)
e:/d_backup/tech/arduino-1.0.1-windows/arduino-1.0.1/hardware/tools/avr/bin/../lib/gcc/avr/4.3.2/../../../../avr/lib/avr6\libc.a(fp_cmp.o)
                              e:/d_backup/tech/arduino-1.0.1-windows/arduino-1.0.1/hardware/tools/avr/bin/../lib/gcc/avr/4.3.2/../../../../avr/lib/avr6\libc.a(cmpsf2.o) (__fp_cmp)
e:/d_backup/tech/arduino-1.0.1-windows/arduino-1.0.1/hardware/tools/avr/bin/../lib/gcc/avr/4.3.2/../../../../avr/lib/avr6\libc.a(fp_inf.o)
                              e:/d_backup/tech/arduino-1.0.1-windows/arduino-1.0.1/hardware/tools/avr/bin/../lib/gcc/avr/4.3.2/../../../../avr/lib/avr6\libc.a(addsf3x.o) (__fp_inf)
e:/d_backup/tech/arduino-1.0.1-windows/arduino-1.0.1/hardware/tools/avr/bin/../lib/gcc/avr/4.3.2/../../../../avr/lib/avr6\libc.a(fp_nan.o)
                              e:/d_backup/tech/arduino-1.0.1-windows/arduino-1.0.1/hardware/tools/avr/bin/../lib/gcc/avr/4.3.2/../../../../avr/lib/avr6\libc.a(addsf3x.o) (__fp_nan)
e:/d_backup/tech/arduino-1.0.1-windows/arduino-1.0.1/hardware/tools/avr/bin/../lib/gcc/avr/4.3.2/../../../../avr/lib/avr6\libc.a(fp_pscA.o)
                              e:/d_backup/tech/arduino-1.0.1-windows/arduino-1.0.1/hardware/tools/avr/bin/../lib/gcc/avr/4.3.2/../../../../avr/lib/avr6\libc.a(addsf3x.o) (__fp_pscA)
e:/d_backup/tech/arduino-1.0.1-windows/arduino-1.0.1/hardware/tools/avr/bin/../lib/gcc/avr/4.3.2/../../../../avr/lib/avr6\libc.a(fp_pscB.o)
                              e:/d_backup/tech/arduino-1.0.1-windows/arduino-1.0.1/hardware/tools/avr/bin/../lib/gcc/avr/4.3.2/../../../../avr/lib/avr6\libc.a(addsf3x.o) (__fp_pscB)
e:/d_backup/tech/arduino-1.0.1-windows/arduino-1.0.1/hardware/tools/avr/bin/../lib/gcc/avr/4.3.2/../../../../avr/lib/avr6\libc.a(fp_round.o)
                              e:/d_backup/tech/arduino-1.0.1-windows/arduino-1.0.1/hardware/tools/avr/bin/../lib/gcc/avr/4.3.2/../../../../avr/lib/avr6\libc.a(addsf3.o) (__fp_round)
[...]
Memory Configuration

Name             Origin             Length             Attributes
text             0x00000000         0x00100000         xr
data             0x00800200         0x0000fe00         rw !x
eeprom           0x00810000         0x00010000         rw !x
fuse             0x00820000         0x00000400         rw !x
lock             0x00830000         0x00000400         rw !x
signature        0x00840000         0x00000400         rw !x
*default*        0x00000000         0xffffffff

Linker script and memory map

Address of section .data set to 0x800200
LOAD e:/d_backup/tech/arduino-1.0.1-windows/arduino-1.0.1/hardware/tools/avr/bin/../lib/gcc/avr/4.3.2/../../../../avr/lib/avr6/crtm2560.o
LOAD ./main.o
LOAD ./test/test.o
LOAD ./servos/servo_action.o
LOAD ./planning/path_planning.o
LOAD ./line_sensor/line_sensor.o
LOAD ./dry_run/dry_run.o
LOAD ./Ultrasonic/Ultrasonic.o
LOAD ./Servo/Servo.o
LOAD ./Robot/robot.o
LOAD ./RangeFind/range_find.o
LOAD ./QTRSensors/QTRSensors.o
LOAD ./Point/Point.o
LOAD ./Motor/Motor.o
LOAD ./Motion/motion.o
LOAD ./Memory/memory_saved.o
LOAD ./Encoder/Encoder.o
LOAD ./EEPROM/EEPROM.o
LOAD ./Arm/arm.o
LOAD ./Analog_Sensor/analog_sensor.o
LOAD e:/d_backup/tech/arduino-1.0.1-windows/arduino-1.0.1/hardware/tools/avr/bin/../lib/gcc/avr/4.3.2/../../../../avr/lib/avr6\libc.a
LOAD e:/d_backup/tech/arduino-1.0.1-windows/arduino-1.0.1/hardware/tools/avr/bin/../lib/gcc/avr/4.3.2/../../../../avr/lib/avr6\libm.a
LOAD e:/d_backup/tech/arduino-1.0.1-windows/arduino-1.0.1/hardware/tools/avr/bin/../lib/gcc/avr/4.3.2/../../../../avr/lib/avr6\libprintf_flt.a
LOAD e:/d_backup/tech/arduino-1.0.1-windows/arduino-1.0.1/hardware/tools/avr/bin/../lib/gcc/avr/4.3.2/../../../../avr/lib/avr6\libscanf_flt.a
LOAD e:/d_backup/tech/arduino-1.0.1-windows/arduino-1.0.1/hardware/tools/avr/bin/../lib/gcc/avr/4.3.2/../../../../avr/lib\libcore.a
LOAD e:/d_backup/tech/arduino-1.0.1-windows/arduino-1.0.1/hardware/tools/avr/bin/../lib/gcc/avr/4.3.2/avr6\libgcc.a
LOAD e:/d_backup/tech/arduino-1.0.1-windows/arduino-1.0.1/hardware/tools/avr/bin/../lib/gcc/avr/4.3.2/../../../../avr/lib/avr6\libc.a
LOAD e:/d_backup/tech/arduino-1.0.1-windows/arduino-1.0.1/hardware/tools/avr/bin/../lib/gcc/avr/4.3.2/avr6\libgcc.a

.hash
 *(.hash)

.dynsym
 *(.dynsym)

.dynstr
 *(.dynstr)

.gnu.version
 *(.gnu.version)

.gnu.version_d
 *(.gnu.version_d)

.gnu.version_r
 *(.gnu.version_r)

.rel.init
 *(.rel.init)

.rela.init
 *(.rela.init)

.rel.text
 *(.rel.text)
 *(.rel.text.*)
 *(.rel.gnu.linkonce.t*)

.rela.text
 *(.rela.text)
 *(.rela.text.*)
 *(.rela.gnu.linkonce.t*)

.rel.fini
 *(.rel.fini)

.rela.fini
 *(.rela.fini)

.rel.rodata
 *(.rel.rodata)
 *(.rel.rodata.*)
 *(.rel.gnu.linkonce.r*)

.rela.rodata
 *(.rela.rodata)
 *(.rela.rodata.*)
 *(.rela.gnu.linkonce.r*)

.rel.data
 *(.rel.data)
 *(.rel.data.*)
 *(.rel.gnu.linkonce.d*)

.rela.data
 *(.rela.data)
 *(.rela.data.*)
 *(.rela.gnu.linkonce.d*)

.rel.ctors
 *(.rel.ctors)

.rela.ctors
 *(.rela.ctors)

.rel.dtors
 *(.rel.dtors)

.rela.dtors
 *(.rela.dtors)

.rel.got
 *(.rel.got)

.rela.got
 *(.rela.got)

.rel.bss
 *(.rel.bss)

.rela.bss
 *(.rela.bss)

.rel.plt
 *(.rel.plt)

.rela.plt
 *(.rela.plt)

.text           0x00000000     0x88d2
 *(.vectors)
 .vectors       0x00000000       0xe4 e:/d_backup/tech/arduino-1.0.1-windows/arduino-1.0.1/hardware/tools/avr/bin/../lib/gcc/avr/4.3.2/../../../../avr/lib/avr6/crtm2560.o
                0x00000000                __vectors
                0x00000000                __vector_default
 *(.vectors)
 *(.progmem.gcc*)
 *(.progmem*)
 .progmem.data  0x000000e4      0x120 e:/d_backup/tech/arduino-1.0.1-windows/arduino-1.0.1/hardware/tools/avr/bin/../lib/gcc/avr/4.3.2/../../../../avr/lib\libcore.a(wiring_digital.c.o)
                0x000000e4                port_to_mode_PGM
                0x00000132                digital_pin_to_port_PGM
                0x00000178                digital_pin_to_bit_mask_PGM
                0x000000fe                port_to_output_PGM
                0x00000118                port_to_input_PGM
                0x000001be                digital_pin_to_timer_PGM
                0x00000204                . = ALIGN (0x2)
                0x00000204                __trampolines_start = .
 *(.trampolines)
 .trampolines   0x00000204        0x0 linker stubs
 *(.trampolines*)
                0x00000204                __trampolines_end = .
 *(.jumptables)
 *(.jumptables*)
 *(.lowtext)
 *(.lowtext*)
                0x00000204                __ctors_start = .
 *(.ctors)
 .ctors         0x00000204        0x2 ./servos/servo_action.o
 .ctors         0x00000206        0x2 ./planning/path_planning.o
 .ctors         0x00000208        0x2 ./Robot/robot.o
 .ctors         0x0000020a        0x2 ./Motion/motion.o
 .ctors         0x0000020c        0x2 ./Analog_Sensor/analog_sensor.o
 .ctors         0x0000020e        0x2 e:/d_backup/tech/arduino-1.0.1-windows/arduino-1.0.1/hardware/tools/avr/bin/../lib/gcc/avr/4.3.2/../../../../avr/lib\libcore.a(HardwareSerial.cpp.o)
                0x00000210                __ctors_end = .
                0x00000210                __dtors_start = .
 *(.dtors)
 .dtors         0x00000210        0x2 ./planning/path_planning.o
 .dtors         0x00000212        0x2 ./Robot/robot.o
 .dtors         0x00000214        0x2 ./Analog_Sensor/analog_sensor.o
                0x00000216                __dtors_end = .
 SORT(*)(.ctors)
 SORT(*)(.dtors)
 *(.init0)
 .init0         0x00000216        0x0 e:/d_backup/tech/arduino-1.0.1-windows/arduino-1.0.1/hardware/tools/avr/bin/../lib/gcc/avr/4.3.2/../../../../avr/lib/avr6/crtm2560.o
                0x00000216                __init
 *(.init0)
 *(.init1)
 *(.init1)
 *(.init2)
 .init2         0x00000216       0x10 e:/d_backup/tech/arduino-1.0.1-windows/arduino-1.0.1/hardware/tools/avr/bin/../lib/gcc/avr/4.3.2/../../../../avr/lib/avr6/crtm2560.o
 *(.init2)
 *(.init3)
 *(.init3)
 *(.init4)
 .init4         0x00000226       0x1c e:/d_backup/tech/arduino-1.0.1-windows/arduino-1.0.1/hardware/tools/avr/bin/../lib/gcc/avr/4.3.2/../../../../avr/lib/avr6/crtm2560.o
                0x00000226                __do_copy_data
 .init4         0x00000242       0x10 e:/d_backup/tech/arduino-1.0.1-windows/arduino-1.0.1/hardware/tools/avr/bin/../lib/gcc/avr/4.3.2/avr6\libgcc.a(_clear_bss.o)
                0x00000242                __do_clear_bss
 *(.init4)
 *(.init5)
 *(.init5)
 *(.init6)
 .init6         0x00000252       0x16 e:/d_backup/tech/arduino-1.0.1-windows/arduino-1.0.1/hardware/tools/avr/bin/../lib/gcc/avr/4.3.2/avr6\libgcc.a(_ctors.o)
                0x00000252                __do_global_ctors
 *(.init6)
 *(.init7)
 *(.init7)
 *(.init8)
 *(.init8)
 *(.init9)
 .init9         0x00000268        0x8 e:/d_backup/tech/arduino-1.0.1-windows/arduino-1.0.1/hardware/tools/avr/bin/../lib/gcc/avr/4.3.2/../../../../avr/lib/avr6/crtm2560.o
 *(.init9)
 *(.text)
 .text          0x00000270        0x4 e:/d_backup/tech/arduino-1.0.1-windows/arduino-1.0.1/hardware/tools/avr/bin/../lib/gcc/avr/4.3.2/../../../../avr/lib/avr6/crtm2560.o
                0x00000270                __vector_38
                0x00000270                __vector_22
                0x00000270                __vector_28
                0x00000270                __vector_34
                0x00000270                __vector_24
                0x00000270                __vector_12
                0x00000270                __vector_46
                0x00000270                __bad_interrupt
                0x00000270                __vector_31
                0x00000270                __vector_35
                0x00000270                __vector_39
                0x00000270                __vector_30
                0x00000270                __vector_45
                0x00000270                __vector_11
                0x00000270                __vector_13
                0x00000270                __vector_19
                0x00000270                __vector_56
                0x00000270                __vector_49
                0x00000270                __vector_41
                0x00000270                __vector_43
                0x00000270                __vector_27
                0x00000270                __vector_33
                0x00000270                __vector_44
                0x00000270                __vector_9
                0x00000270                __vector_21
                0x00000270                __vector_15
                0x00000270                __vector_29
                0x00000270                __vector_40
                0x00000270                __vector_48
                0x00000270                __vector_14
                0x00000270                __vector_53
                0x00000270                __vector_10
                0x00000270                __vector_50
                0x00000270                __vector_16
                0x00000270                __vector_18
                0x00000270                __vector_20
 .text          0x00000274      0x204 e:/d_backup/tech/arduino-1.0.1-windows/arduino-1.0.1/hardware/tools/avr/bin/../lib/gcc/avr/4.3.2/../../../../avr/lib/avr6\libc.a(malloc.o)
                0x00000274                malloc
                0x000003c8                free
 .text          0x00000478      0x1aa e:/d_backup/tech/arduino-1.0.1-windows/arduino-1.0.1/hardware/tools/avr/bin/../lib/gcc/avr/4.3.2/../../../../avr/lib/avr6\libc.a(realloc.o)
                0x00000478                realloc
 .text          0x00000622        0x6 e:/d_backup/tech/arduino-1.0.1-windows/arduino-1.0.1/hardware/tools/avr/bin/../lib/gcc/avr/4.3.2/../../../../avr/lib/avr6\libc.a(exit.o)
                0x00000622                exit
 .text          0x00000628       0x12 e:/d_backup/tech/arduino-1.0.1-windows/arduino-1.0.1/hardware/tools/avr/bin/../lib/gcc/avr/4.3.2/../../../../avr/lib/avr6\libc.a(memcpy.o)
                0x00000628                memcpy
                0x0000063a                . = ALIGN (0x2)
 *(.text.*)
 .text._Z14goNearToBridgev
                0x0000063a       0xe8 ./main.o
                0x0000063a                goNearToBridge()
 .text._Z9searchBoxv
                0x00000722      0x154 ./main.o
                0x00000722                searchBox()
 .text._Z12goFromBridgev
                0x00000876       0x5a ./main.o
                0x00000876                goFromBridge()
 .text._Z6dryRunv
                0x000008d0      0x108 ./main.o
                0x000008d0                dryRun()
 .text._Z6doRingv
                0x000009d8       0x2c ./main.o
                0x000009d8                doRing()
 .text._Z9beginGamev
                0x00000a04       0x50 ./main.o
                0x00000a04                beginGame()
 .text._Z7grabBoxv
                0x00000a54      0x1aa ./main.o
                0x00000a54                grabBox()
 .text._Z17placeBoxForManualv
                0x00000bfe      0x106 ./main.o
                0x00000bfe                placeBoxForManual()
 .text._Z13grabManualBoxv
                0x00000d04      0x236 ./main.o
                0x00000d04                grabManualBox()
 .text._Z6doGamev
                0x00000f3a       0xe2 ./main.o
                0x00000f3a                doGame()
 .text._Z4gpIOv
                0x0000101c       0x42 ./main.o
                0x0000101c                gpIO()
 .text.setup    0x0000105e       0x3c ./main.o
                0x0000105e                setup
 .text.main     0x0000109a        0xe ./main.o
                0x0000109a                main
 .text._GLOBAL__I_gripServo
                0x000010a8       0x12 ./servos/servo_action.o
 .text._Z9liftArmUpv
                0x000010ba       0x1a ./servos/servo_action.o
                0x000010ba                liftArmUp()
 .text._Z7gripArmv
                0x000010d4       0x1a ./servos/servo_action.o
                0x000010d4                gripArm()
 .text._Z10putArmDownv
                0x000010ee       0x32 ./servos/servo_action.o
                0x000010ee                putArmDown()
 .text._Z9initServov
                0x00001120       0x3a ./servos/servo_action.o
                0x00001120                initServo()
 .text._Z13clearCoveragev
                0x0000115a       0x7a ./planning/path_planning.o
                0x0000115a                clearCoverage()
 .text._Z9coverNode5Point
                0x000011d4      0x258 ./planning/path_planning.o
                0x000011d4                coverNode(Point)
 .text._ZNK10StackArrayI5PointE4exitEPKc
                0x0000142c       0x40 ./planning/path_planning.o
                0x0000142c                StackArray<Point>::exit(char const*) const
 .text._ZNK10QueueArrayI5PointE4exitEPKc
                0x0000146c       0x40 ./planning/path_planning.o
                0x0000146c                QueueArray<Point>::exit(char const*) const
 .text._Z41__static_initialization_and_destruction_0ii
                0x000014ac      0x1bc ./planning/path_planning.o
 .text._GLOBAL__D_stack
                0x00001668        0xe ./planning/path_planning.o
 .text._GLOBAL__I_stack
                0x00001676        0xe ./planning/path_planning.o
 .text._ZN10QueueArrayI5PointE6resizeEi
                0x00001684       0xe8 ./planning/path_planning.o
                0x00001684                QueueArray<Point>::resize(int)
 .text._ZN10QueueArrayI5PointE3popEv
                0x0000176c       0xbc ./planning/path_planning.o
                0x0000176c                QueueArray<Point>::pop()
 .text._ZN10QueueArrayI5PointE4pushES0_
                0x00001828       0x82 ./planning/path_planning.o
                0x00001828                QueueArray<Point>::push(Point)
 .text._Z14coverWholePath5PointS_
                0x000018aa      0x242 ./planning/path_planning.o
                0x000018aa                coverWholePath(Point, Point)
 .text._ZN10StackArrayI5PointE6resizeEi
                0x00001aec       0x50 ./planning/path_planning.o
                0x00001aec                StackArray<Point>::resize(int)
 .text._ZN10StackArrayI5PointE4pushES0_
                0x00001b3c       0x6a ./planning/path_planning.o
                0x00001b3c                StackArray<Point>::push(Point)
 .text._Z14doNodeCovering5Point
                0x00001ba6      0x88e ./planning/path_planning.o
                0x00001ba6                doNodeCovering(Point)
 .text._Z5doBFS5PointS_
                0x00002434      0x580 ./planning/path_planning.o
                0x00002434                doBFS(Point, Point)
 .text._ZN10StackArrayI5PointE3popEv
                0x000029b4       0x9e ./planning/path_planning.o
                0x000029b4                StackArray<Point>::pop()
 .text._Z10initSearchv
                0x00002a52       0xf6 ./planning/path_planning.o
                0x00002a52                initSearch()
 .text._Z17changeOrientations
                0x00002b48       0x66 ./planning/path_planning.o
                0x00002b48                changeOrientation(short)
 .text._Z23goToNeighbourCoordinate5Pointt
                0x00002bae       0xd0 ./planning/path_planning.o
                0x00002bae                goToNeighbourCoordinate(Point, unsigned short)
 .text._Z19goToNeighbourOfLastv
                0x00002c7e       0xf6 ./planning/path_planning.o
                0x00002c7e                goToNeighbourOfLast()
 .text._Z15goToPlannedPathv
                0x00002d74       0x6c ./planning/path_planning.o
                0x00002d74                goToPlannedPath()
 .text._Z24goToPlannedBoxSearchPathv
                0x00002de0       0x8a ./planning/path_planning.o
                0x00002de0                goToPlannedBoxSearchPath()
 .text._Z14doSpiralDryRunv
                0x00002e6a      0x1cc ./planning/path_planning.o
                0x00002e6a                doSpiralDryRun()
 .text._Z10loadEEPROMv
                0x00003036       0x24 ./planning/path_planning.o
                0x00003036                loadEEPROM()
 .text._ZN5ServoC1Ev
                0x0000305a       0x34 ./Servo/Servo.o
                0x0000305a                Servo::Servo()
 .text._ZN5Servo17writeMicrosecondsEi
                0x0000308e       0x8e ./Servo/Servo.o
                0x0000308e                Servo::writeMicroseconds(int)
 .text._ZN5Servo5writeEi
                0x0000311c       0xd0 ./Servo/Servo.o
                0x0000311c                Servo::write(int)
 .text._ZN5Servo6attachEiii
                0x000031ec      0x160 ./Servo/Servo.o
                0x000031ec                Servo::attach(int, int, int)
 .text._ZN5Servo6attachEi
                0x0000334c        0xe ./Servo/Servo.o
                0x0000334c                Servo::attach(int)
 .text._ZL17handle_interrupts18timer16_Sequence_tPVjS1_
                0x0000335a      0x184 ./Servo/Servo.o
 .text.__vector_47
                0x000034de       0x5c ./Servo/Servo.o
                0x000034de                __vector_47
 .text.__vector_42
                0x0000353a       0x5c ./Servo/Servo.o
                0x0000353a                __vector_42
 .text.__vector_32
                0x00003596       0x5c ./Servo/Servo.o
                0x00003596                __vector_32
 .text.__vector_17
                0x000035f2       0x5c ./Servo/Servo.o
                0x000035f2                __vector_17
 .text._Z11isABoxPoint5Point
                0x0000364e       0x54 ./Robot/robot.o
                0x0000364e                isABoxPoint(Point)
 .text._Z41__static_initialization_and_destruction_0ii
                0x000036a2       0x32 ./Robot/robot.o
 .text._GLOBAL__D_robotX
                0x000036d4        0xe ./Robot/robot.o
 .text._GLOBAL__I_robotX
                0x000036e2        0xe ./Robot/robot.o
 .text._Z12resetRangingv
                0x000036f0       0x1a ./RangeFind/range_find.o
                0x000036f0                resetRanging()
 .text._Z22convertDistanceToNodesf
                0x0000370a       0x6c ./RangeFind/range_find.o
                0x0000370a                convertDistanceToNodes(float)
 .text._Z21getCalibratedDistancei
                0x00003776      0x12a ./RangeFind/range_find.o
                0x00003776                getCalibratedDistance(int)
 .text._Z17calculateAveragesv
                0x000038a0      0x1dc ./RangeFind/range_find.o
                0x000038a0                calculateAverages()
 .text._Z14checkRangeDatav
                0x00003a7c      0x210 ./RangeFind/range_find.o
                0x00003a7c                checkRangeData()
 .text._Z12measureRangev
                0x00003c8c      0x10c ./RangeFind/range_find.o
                0x00003c8c                measureRange()
 .text._Z11initRangingv
                0x00003d98       0x1a ./RangeFind/range_find.o
                0x00003d98                initRanging()
 .text._ZN10QTRSensorsD2Ev
                0x00003db2       0x48 ./QTRSensors/QTRSensors.o
                0x00003db2                QTRSensors::~QTRSensors()
 .text._ZN16QTRSensorsAnalog11readPrivateEPj
                0x00003dfa       0xcc ./QTRSensors/QTRSensors.o
                0x00003dfa                QTRSensorsAnalog::readPrivate(unsigned int*)
 .text._ZN10QTRSensors10emittersOnEv
                0x00003ec6       0x28 ./QTRSensors/QTRSensors.o
                0x00003ec6                QTRSensors::emittersOn()
 .text._ZN10QTRSensors11emittersOffEv
                0x00003eee       0x28 ./QTRSensors/QTRSensors.o
                0x00003eee                QTRSensors::emittersOff()
 .text._ZN12QTRSensorsRC11readPrivateEPj
                0x00003f16      0x12a ./QTRSensors/QTRSensors.o
                0x00003f16                QTRSensorsRC::readPrivate(unsigned int*)
 .text._ZN10QTRSensors4readEPjh
                0x00004040       0xe6 ./QTRSensors/QTRSensors.o
                0x00004040                QTRSensors::read(unsigned int*, unsigned char)
 .text._ZN10QTRSensors14readCalibratedEPjh
                0x00004126      0x192 ./QTRSensors/QTRSensors.o
                0x00004126                QTRSensors::readCalibrated(unsigned int*, unsigned char)
 .text._ZN10QTRSensors8readLineEPjhh
                0x000042b8      0x13e ./QTRSensors/QTRSensors.o
                0x000042b8                QTRSensors::readLine(unsigned int*, unsigned char, unsigned char)
 .text._ZN10QTRSensors16calibrateOnOrOffEPPjS1_h
                0x000043f6      0x198 ./QTRSensors/QTRSensors.o
                0x000043f6                QTRSensors::calibrateOnOrOff(unsigned int**, unsigned int**, unsigned char)
 .text._ZN10QTRSensors9calibrateEh
                0x0000458e       0x44 ./QTRSensors/QTRSensors.o
                0x0000458e                QTRSensors::calibrate(unsigned char)
 .text._ZN10QTRSensors4initEPhhhh
                0x000045d2       0x7a ./QTRSensors/QTRSensors.o
                0x000045d2                QTRSensors::init(unsigned char*, unsigned char, unsigned char, unsigned char)
 .text._ZN16QTRSensorsAnalog4initEPhhhh
                0x0000464c       0x2a ./QTRSensors/QTRSensors.o
                0x0000464c                QTRSensorsAnalog::init(unsigned char*, unsigned char, unsigned char, unsigned char)
 .text._ZN16QTRSensorsAnalogC1EPhhhh
                0x00004676       0x20 ./QTRSensors/QTRSensors.o
                0x00004676                QTRSensorsAnalog::QTRSensorsAnalog(unsigned char*, unsigned char, unsigned char, unsigned char)
 .text._ZN5PointC1Ev
                0x00004696       0x18 ./Point/Point.o
                0x00004696                Point::Point()
 .text._ZN5PointC1Eii
                0x000046ae       0x14 ./Point/Point.o
                0x000046ae                Point::Point(int, int)
 .text._ZN5Point7similarES_
                0x000046c2       0x3e ./Point/Point.o
                0x000046c2                Point::similar(Point)
 .text._ZN5PointD1Ev
                0x00004700        0xc ./Point/Point.o
                0x00004700                Point::~Point()
 .text._ZN5PointD0Ev
                0x0000470c       0x12 ./Point/Point.o
                0x0000470c                Point::~Point()
 .text._ZN5Motor8setSpeedEi
                0x0000471e       0x24 ./Motor/Motor.o
                0x0000471e                Motor::setSpeed(int)
 .text._ZN5Motor4stopEv
                0x00004742       0x2a ./Motor/Motor.o
                0x00004742                Motor::stop()
 .text._ZN5Motor8backwardEv
                0x0000476c       0x28 ./Motor/Motor.o
                0x0000476c                Motor::backward()
 .text._ZN5Motor7forwardEv
                0x00004794       0x28 ./Motor/Motor.o
                0x00004794                Motor::forward()
 .text._ZN5MotorC1Eiii
                0x000047bc       0x34 ./Motor/Motor.o
                0x000047bc                Motor::Motor(int, int, int)
 .text._ZN7Encoder4isr0Ev
                0x000047f0       0x8a ./Motion/motion.o
                0x000047f0                Encoder::isr0()
 .text._ZN7Encoder4isr1Ev
                0x0000487a       0x8a ./Motion/motion.o
                0x0000487a                Encoder::isr1()
 .text._ZN7Encoder4isr2Ev
                0x00004904       0x8a ./Motion/motion.o
                0x00004904                Encoder::isr2()
 .text._ZN7Encoder4isr3Ev
                0x0000498e       0x8a ./Motion/motion.o
                0x0000498e                Encoder::isr3()
 .text._ZN7Encoder4isr4Ev
                0x00004a18       0x8a ./Motion/motion.o
                0x00004a18                Encoder::isr4()
 .text._ZN7Encoder4isr5Ev
                0x00004aa2       0x8a ./Motion/motion.o
                0x00004aa2                Encoder::isr5()
 .text._ZN7Encoder16attach_interruptEhP24Encoder_internal_state_t
                0x00004b2c       0x96 ./Motion/motion.o
                0x00004b2c                Encoder::attach_interrupt(unsigned char, Encoder_internal_state_t*)
 .text._ZN7EncoderC1Ehh
                0x00004bc2       0xd0 ./Motion/motion.o
                0x00004bc2                Encoder::Encoder(unsigned char, unsigned char)
 .text._GLOBAL__I_left_breaking
                0x00004c92       0x42 ./Motion/motion.o
 .text._Z17reverseEncoderPIDv
                0x00004cd4      0x26c ./Motion/motion.o
                0x00004cd4                reverseEncoderPID()
 .text._Z11takeReversei
                0x00004f40      0x150 ./Motion/motion.o
                0x00004f40                takeReverse(int)
 .text._Z11activeBreakv
                0x00005090       0x12 ./Motion/motion.o
                0x00005090                activeBreak()
 .text._Z9goReversei
                0x000050a2      0x124 ./Motion/motion.o
                0x000050a2                goReverse(int)
 .text._Z14stopRightMotorv
                0x000051c6       0xe6 ./Motion/motion.o
                0x000051c6                stopRightMotor()
 .text._Z13stopLeftMotorv
                0x000052ac       0xe6 ./Motion/motion.o
                0x000052ac                stopLeftMotor()
 .text._Z10stopMotorsv
                0x00005392       0x42 ./Motion/motion.o
                0x00005392                stopMotors()
 .text._Z9doPIDSlowv
                0x000053d4      0x1a6 ./Motion/motion.o
                0x000053d4                doPIDSlow()
 .text._Z15goForwardinSlowi
                0x0000557a      0x134 ./Motion/motion.o
                0x0000557a                goForwardinSlow(int)
 .text._Z21correctSensorRotationv
                0x000056ae       0xf0 ./Motion/motion.o
                0x000056ae                correctSensorRotation()
 .text._Z8turnBackv
                0x0000579e      0x492 ./Motion/motion.o
                0x0000579e                turnBack()
 .text._Z9turnRightv
                0x00005c30      0x442 ./Motion/motion.o
                0x00005c30                turnRight()
 .text._Z9turnLeft1v
                0x00006072      0x43e ./Motion/motion.o
                0x00006072                turnLeft1()
 .text._Z6doPID2v
                0x000064b0      0x1a6 ./Motion/motion.o
                0x000064b0                doPID2()
 .text._Z22moveForwardOneJunctionv
                0x00006656       0x6a ./Motion/motion.o
                0x00006656                moveForwardOneJunction()
 .text._Z34moveForwardOneJunctionForBoxSearchv
                0x000066c0      0x19e ./Motion/motion.o
                0x000066c0                moveForwardOneJunctionForBoxSearch()
 .text._Z31moveForwardOneJunctionForDryRunv
                0x0000685e      0x102 ./Motion/motion.o
                0x0000685e                moveForwardOneJunctionForDryRun()
 .text._Z12loadNodeDataPb
                0x00006960       0x60 ./Memory/memory_saved.o
                0x00006960                loadNodeData(bool*)
 .text._Z14saveDryRunNodeb
                0x000069c0       0x8e ./Memory/memory_saved.o
                0x000069c0                saveDryRunNode(bool)
 .text._ZN11EEPROMClass4readEi
                0x00006a4e        0xe ./EEPROM/EEPROM.o
                0x00006a4e                EEPROMClass::read(int)
 .text._ZN11EEPROMClass5writeEih
                0x00006a5c       0x18 ./EEPROM/EEPROM.o
                0x00006a5c                EEPROMClass::write(int, unsigned char)
 .text._Z41__static_initialization_and_destruction_0ii
                0x00006a74       0x38 ./Analog_Sensor/analog_sensor.o
 .text._GLOBAL__D_pinOuts
                0x00006aac        0xe ./Analog_Sensor/analog_sensor.o
 .text._GLOBAL__I_pinOuts
                0x00006aba        0xe ./Analog_Sensor/analog_sensor.o
 .text._Z17initilize_sensorsb
                0x00006ac8        0xc ./Analog_Sensor/analog_sensor.o
                0x00006ac8                initilize_sensors(bool)
 .text.fplib    0x00006ad4        0xa e:/d_backup/tech/arduino-1.0.1-windows/arduino-1.0.1/hardware/tools/avr/bin/../lib/gcc/avr/4.3.2/../../../../avr/lib/avr6\libc.a(addsf3.o)
                0x00006ad4                __subsf3
                0x00006ad6                __addsf3
 .text.fplib    0x00006ade       0xc0 e:/d_backup/tech/arduino-1.0.1-windows/arduino-1.0.1/hardware/tools/avr/bin/../lib/gcc/avr/4.3.2/../../../../avr/lib/avr6\libc.a(addsf3x.o)
                0x00006af8                __addsf3x
 .text.fplib    0x00006b9e        0x8 e:/d_backup/tech/arduino-1.0.1-windows/arduino-1.0.1/hardware/tools/avr/bin/../lib/gcc/avr/4.3.2/../../../../avr/lib/avr6\libc.a(cmpsf2.o)
                0x00006b9e                __lesf2
                0x00006b9e                __nesf2
                0x00006b9e                __eqsf2
                0x00006b9e                __cmpsf2
                0x00006b9e                __ltsf2
 .text.fplib    0x00006ba6        0x4 e:/d_backup/tech/arduino-1.0.1-windows/arduino-1.0.1/hardware/tools/avr/bin/../lib/gcc/avr/4.3.2/../../../../avr/lib/avr6\libc.a(divsf3.o)
                0x00006ba6                __divsf3
 .text.fplib    0x00006baa       0xcc e:/d_backup/tech/arduino-1.0.1-windows/arduino-1.0.1/hardware/tools/avr/bin/../lib/gcc/avr/4.3.2/../../../../avr/lib/avr6\libc.a(divsf3x.o)
                0x00006bc0                __divsf3x
                0x00006bc4                __divsf3_pse
 .text.fplib    0x00006c76        0xa e:/d_backup/tech/arduino-1.0.1-windows/arduino-1.0.1/hardware/tools/avr/bin/../lib/gcc/avr/4.3.2/../../../../avr/lib/avr6\libc.a(fixsfsi.o)
                0x00006c76                __fixsfsi
 .text.fplib    0x00006c80       0x58 e:/d_backup/tech/arduino-1.0.1-windows/arduino-1.0.1/hardware/tools/avr/bin/../lib/gcc/avr/4.3.2/../../../../avr/lib/avr6\libc.a(fixunssfsi.o)
                0x00006c80                __fixunssfsi
 .text.fplib    0x00006cd8       0x7a e:/d_backup/tech/arduino-1.0.1-windows/arduino-1.0.1/hardware/tools/avr/bin/../lib/gcc/avr/4.3.2/../../../../avr/lib/avr6\libc.a(floatsisf.o)
                0x00006cdc                __floatsisf
                0x00006cd8                __floatunsisf
 .text.fplib    0x00006d52       0x48 e:/d_backup/tech/arduino-1.0.1-windows/arduino-1.0.1/hardware/tools/avr/bin/../lib/gcc/avr/4.3.2/../../../../avr/lib/avr6\libc.a(fp_cmp.o)
                0x00006d52                __fp_cmp
 .text.fplib    0x00006d9a        0xc e:/d_backup/tech/arduino-1.0.1-windows/arduino-1.0.1/hardware/tools/avr/bin/../lib/gcc/avr/4.3.2/../../../../avr/lib/avr6\libc.a(fp_inf.o)
                0x00006d9a                __fp_inf
 .text.fplib    0x00006da6        0x6 e:/d_backup/tech/arduino-1.0.1-windows/arduino-1.0.1/hardware/tools/avr/bin/../lib/gcc/avr/4.3.2/../../../../avr/lib/avr6\libc.a(fp_nan.o)
                0x00006da6                __fp_nan
 .text.fplib    0x00006dac        0xe e:/d_backup/tech/arduino-1.0.1-windows/arduino-1.0.1/hardware/tools/avr/bin/../lib/gcc/avr/4.3.2/../../../../avr/lib/avr6\libc.a(fp_pscA.o)
                0x00006dac                __fp_pscA
 .text.fplib    0x00006dba        0xe e:/d_backup/tech/arduino-1.0.1-windows/arduino-1.0.1/hardware/tools/avr/bin/../lib/gcc/avr/4.3.2/../../../../avr/lib/avr6\libc.a(fp_pscB.o)
                0x00006dba                __fp_pscB
 .text.fplib    0x00006dc8       0x22 e:/d_backup/tech/arduino-1.0.1-windows/arduino-1.0.1/hardware/tools/avr/bin/../lib/gcc/avr/4.3.2/../../../../avr/lib/avr6\libc.a(fp_round.o)
                0x00006dc8                __fp_round
 .text.fplib    0x00006dea       0x44 e:/d_backup/tech/arduino-1.0.1-windows/arduino-1.0.1/hardware/tools/avr/bin/../lib/gcc/avr/4.3.2/../../../../avr/lib/avr6\libc.a(fp_split3.o)
                0x00006dea                __fp_split3
                0x00006dfa                __fp_splitA
 .text.fplib    0x00006e2e        0xe e:/d_backup/tech/arduino-1.0.1-windows/arduino-1.0.1/hardware/tools/avr/bin/../lib/gcc/avr/4.3.2/../../../../avr/lib/avr6\libc.a(fp_zero.o)
                0x00006e2e                __fp_zero
                0x00006e30                __fp_szero
 .text.fplib    0x00006e3c        0x8 e:/d_backup/tech/arduino-1.0.1-windows/arduino-1.0.1/hardware/tools/avr/bin/../lib/gcc/avr/4.3.2/../../../../avr/lib/avr6\libc.a(gesf2.o)
                0x00006e3c                __gtsf2
                0x00006e3c                __gesf2
 .text.fplib    0x00006e44        0x4 e:/d_backup/tech/arduino-1.0.1-windows/arduino-1.0.1/hardware/tools/avr/bin/../lib/gcc/avr/4.3.2/../../../../avr/lib/avr6\libc.a(mulsf3.o)
                0x00006e44                __mulsf3
 .text.fplib    0x00006e48       0xc2 e:/d_backup/tech/arduino-1.0.1-windows/arduino-1.0.1/hardware/tools/avr/bin/../lib/gcc/avr/4.3.2/../../../../avr/lib/avr6\libc.a(mulsf3x.o)
                0x00006e60                __mulsf3_pse
                0x00006e5c                __mulsf3x
 .text.attachInterrupt
                0x00006f0a       0xf8 e:/d_backup/tech/arduino-1.0.1-windows/arduino-1.0.1/hardware/tools/avr/bin/../lib/gcc/avr/4.3.2/../../../../avr/lib\libcore.a(WInterrupts.c.o)
                0x00006f0a                attachInterrupt
 .text.__vector_1
                0x00007002       0x62 e:/d_backup/tech/arduino-1.0.1-windows/arduino-1.0.1/hardware/tools/avr/bin/../lib/gcc/avr/4.3.2/../../../../avr/lib\libcore.a(WInterrupts.c.o)
                0x00007002                __vector_1
 .text.__vector_2
                0x00007064       0x62 e:/d_backup/tech/arduino-1.0.1-windows/arduino-1.0.1/hardware/tools/avr/bin/../lib/gcc/avr/4.3.2/../../../../avr/lib\libcore.a(WInterrupts.c.o)
                0x00007064                __vector_2
 .text.__vector_3
                0x000070c6       0x62 e:/d_backup/tech/arduino-1.0.1-windows/arduino-1.0.1/hardware/tools/avr/bin/../lib/gcc/avr/4.3.2/../../../../avr/lib\libcore.a(WInterrupts.c.o)
                0x000070c6                __vector_3
 .text.__vector_4
                0x00007128       0x62 e:/d_backup/tech/arduino-1.0.1-windows/arduino-1.0.1/hardware/tools/avr/bin/../lib/gcc/avr/4.3.2/../../../../avr/lib\libcore.a(WInterrupts.c.o)
                0x00007128                __vector_4
 .text.__vector_5
                0x0000718a       0x62 e:/d_backup/tech/arduino-1.0.1-windows/arduino-1.0.1/hardware/tools/avr/bin/../lib/gcc/avr/4.3.2/../../../../avr/lib\libcore.a(WInterrupts.c.o)
                0x0000718a                __vector_5
 .text.__vector_6
                0x000071ec       0x62 e:/d_backup/tech/arduino-1.0.1-windows/arduino-1.0.1/hardware/tools/avr/bin/../lib/gcc/avr/4.3.2/../../../../avr/lib\libcore.a(WInterrupts.c.o)
                0x000071ec                __vector_6
 .text.__vector_7
                0x0000724e       0x62 e:/d_backup/tech/arduino-1.0.1-windows/arduino-1.0.1/hardware/tools/avr/bin/../lib/gcc/avr/4.3.2/../../../../avr/lib\libcore.a(WInterrupts.c.o)
                0x0000724e                __vector_7
 .text.__vector_8
                0x000072b0       0x62 e:/d_backup/tech/arduino-1.0.1-windows/arduino-1.0.1/hardware/tools/avr/bin/../lib/gcc/avr/4.3.2/../../../../avr/lib\libcore.a(WInterrupts.c.o)
                0x000072b0                __vector_8
 .text.__vector_23
                0x00007312       0x90 e:/d_backup/tech/arduino-1.0.1-windows/arduino-1.0.1/hardware/tools/avr/bin/../lib/gcc/avr/4.3.2/../../../../avr/lib\libcore.a(wiring.c.o)
                0x00007312                __vector_23
 .text.micros   0x000073a2       0x4c e:/d_backup/tech/arduino-1.0.1-windows/arduino-1.0.1/hardware/tools/avr/bin/../lib/gcc/avr/4.3.2/../../../../avr/lib\libcore.a(wiring.c.o)
                0x000073a2                micros
 .text.delay    0x000073ee       0xb2 e:/d_backup/tech/arduino-1.0.1-windows/arduino-1.0.1/hardware/tools/avr/bin/../lib/gcc/avr/4.3.2/../../../../avr/lib\libcore.a(wiring.c.o)
                0x000073ee                delay
 .text.delayMicroseconds
                0x000074a0       0x14 e:/d_backup/tech/arduino-1.0.1-windows/arduino-1.0.1/hardware/tools/avr/bin/../lib/gcc/avr/4.3.2/../../../../avr/lib\libcore.a(wiring.c.o)
                0x000074a0                delayMicroseconds
 .text.init     0x000074b4       0xc4 e:/d_backup/tech/arduino-1.0.1-windows/arduino-1.0.1/hardware/tools/avr/bin/../lib/gcc/avr/4.3.2/../../../../avr/lib\libcore.a(wiring.c.o)
                0x000074b4                init
 .text.analogRead
                0x00007578       0x68 e:/d_backup/tech/arduino-1.0.1-windows/arduino-1.0.1/hardware/tools/avr/bin/../lib/gcc/avr/4.3.2/../../../../avr/lib\libcore.a(wiring_analog.c.o)
                0x00007578                analogRead
 .text.analogWrite
                0x000075e0      0x1c0 e:/d_backup/tech/arduino-1.0.1-windows/arduino-1.0.1/hardware/tools/avr/bin/../lib/gcc/avr/4.3.2/../../../../avr/lib\libcore.a(wiring_analog.c.o)
                0x000075e0                analogWrite
 .text.pinMode  0x000077a0       0x7e e:/d_backup/tech/arduino-1.0.1-windows/arduino-1.0.1/hardware/tools/avr/bin/../lib/gcc/avr/4.3.2/../../../../avr/lib\libcore.a(wiring_digital.c.o)
                0x000077a0                pinMode
 .text.turnOffPWM
                0x0000781e       0xe8 e:/d_backup/tech/arduino-1.0.1-windows/arduino-1.0.1/hardware/tools/avr/bin/../lib/gcc/avr/4.3.2/../../../../avr/lib\libcore.a(wiring_digital.c.o)
 .text.digitalWrite
                0x00007906       0x66 e:/d_backup/tech/arduino-1.0.1-windows/arduino-1.0.1/hardware/tools/avr/bin/../lib/gcc/avr/4.3.2/../../../../avr/lib\libcore.a(wiring_digital.c.o)
                0x00007906                digitalWrite
 .text.digitalRead
                0x0000796c       0x60 e:/d_backup/tech/arduino-1.0.1-windows/arduino-1.0.1/hardware/tools/avr/bin/../lib/gcc/avr/4.3.2/../../../../avr/lib\libcore.a(wiring_digital.c.o)
                0x0000796c                digitalRead
 .text.__vector_25
                0x000079cc       0x70 e:/d_backup/tech/arduino-1.0.1-windows/arduino-1.0.1/hardware/tools/avr/bin/../lib/gcc/avr/4.3.2/../../../../avr/lib\libcore.a(HardwareSerial.cpp.o)
                0x000079cc                __vector_25
 .text.__vector_36
                0x00007a3c       0x70 e:/d_backup/tech/arduino-1.0.1-windows/arduino-1.0.1/hardware/tools/avr/bin/../lib/gcc/avr/4.3.2/../../../../avr/lib\libcore.a(HardwareSerial.cpp.o)
                0x00007a3c                __vector_36
 .text.__vector_51
                0x00007aac       0x70 e:/d_backup/tech/arduino-1.0.1-windows/arduino-1.0.1/hardware/tools/avr/bin/../lib/gcc/avr/4.3.2/../../../../avr/lib\libcore.a(HardwareSerial.cpp.o)
                0x00007aac                __vector_51
 .text.__vector_54
                0x00007b1c       0x70 e:/d_backup/tech/arduino-1.0.1-windows/arduino-1.0.1/hardware/tools/avr/bin/../lib/gcc/avr/4.3.2/../../../../avr/lib\libcore.a(HardwareSerial.cpp.o)
                0x00007b1c                __vector_54
 .text.__vector_26
                0x00007b8c       0x7e e:/d_backup/tech/arduino-1.0.1-windows/arduino-1.0.1/hardware/tools/avr/bin/../lib/gcc/avr/4.3.2/../../../../avr/lib\libcore.a(HardwareSerial.cpp.o)
                0x00007b8c                __vector_26
 .text.__vector_37
                0x00007c0a       0x7e e:/d_backup/tech/arduino-1.0.1-windows/arduino-1.0.1/hardware/tools/avr/bin/../lib/gcc/avr/4.3.2/../../../../avr/lib\libcore.a(HardwareSerial.cpp.o)
                0x00007c0a                __vector_37
 .text.__vector_52
                0x00007c88       0x7e e:/d_backup/tech/arduino-1.0.1-windows/arduino-1.0.1/hardware/tools/avr/bin/../lib/gcc/avr/4.3.2/../../../../avr/lib\libcore.a(HardwareSerial.cpp.o)
                0x00007c88                __vector_52
 .text.__vector_55
                0x00007d06       0x7e e:/d_backup/tech/arduino-1.0.1-windows/arduino-1.0.1/hardware/tools/avr/bin/../lib/gcc/avr/4.3.2/../../../../avr/lib\libcore.a(HardwareSerial.cpp.o)
                0x00007d06                __vector_55
 .text._ZN14HardwareSerial5beginEm
                0x00007d84      0x10c e:/d_backup/tech/arduino-1.0.1-windows/arduino-1.0.1/hardware/tools/avr/bin/../lib/gcc/avr/4.3.2/../../../../avr/lib\libcore.a(HardwareSerial.cpp.o)
                0x00007d84                HardwareSerial::begin(unsigned long)
 .text._ZN14HardwareSerial9availableEv
                0x00007e90       0x22 e:/d_backup/tech/arduino-1.0.1-windows/arduino-1.0.1/hardware/tools/avr/bin/../lib/gcc/avr/4.3.2/../../../../avr/lib\libcore.a(HardwareSerial.cpp.o)
                0x00007e90                HardwareSerial::available()
 .text._ZN14HardwareSerial4peekEv
                0x00007eb2       0x40 e:/d_backup/tech/arduino-1.0.1-windows/arduino-1.0.1/hardware/tools/avr/bin/../lib/gcc/avr/4.3.2/../../../../avr/lib\libcore.a(HardwareSerial.cpp.o)
                0x00007eb2                HardwareSerial::peek()
 .text._ZN14HardwareSerial4readEv
                0x00007ef2       0x52 e:/d_backup/tech/arduino-1.0.1-windows/arduino-1.0.1/hardware/tools/avr/bin/../lib/gcc/avr/4.3.2/../../../../avr/lib\libcore.a(HardwareSerial.cpp.o)
                0x00007ef2                HardwareSerial::read()
 .text._ZN14HardwareSerial5flushEv
                0x00007f44       0x24 e:/d_backup/tech/arduino-1.0.1-windows/arduino-1.0.1/hardware/tools/avr/bin/../lib/gcc/avr/4.3.2/../../../../avr/lib\libcore.a(HardwareSerial.cpp.o)
                0x00007f44                HardwareSerial::flush()
 .text._ZN14HardwareSerial5writeEh
                0x00007f68       0x72 e:/d_backup/tech/arduino-1.0.1-windows/arduino-1.0.1/hardware/tools/avr/bin/../lib/gcc/avr/4.3.2/../../../../avr/lib\libcore.a(HardwareSerial.cpp.o)
                0x00007f68                HardwareSerial::write(unsigned char)
 .text._GLOBAL__I_rx_buffer
                0x00007fda      0x23c e:/d_backup/tech/arduino-1.0.1-windows/arduino-1.0.1/hardware/tools/avr/bin/../lib/gcc/avr/4.3.2/../../../../avr/lib\libcore.a(HardwareSerial.cpp.o)
 .text._ZdlPv   0x00008216        0x6 e:/d_backup/tech/arduino-1.0.1-windows/arduino-1.0.1/hardware/tools/avr/bin/../lib/gcc/avr/4.3.2/../../../../avr/lib\libcore.a(new.cpp.o)
                0x00008216                operator delete(void*)
 .text._ZN5Print5writeEPKhj
                0x0000821c       0x54 e:/d_backup/tech/arduino-1.0.1-windows/arduino-1.0.1/hardware/tools/avr/bin/../lib/gcc/avr/4.3.2/../../../../avr/lib\libcore.a(Print.cpp.o)
                0x0000821c                Print::write(unsigned char const*, unsigned int)
 .text._ZN5Print7printlnEv
                0x00008270       0x40 e:/d_backup/tech/arduino-1.0.1-windows/arduino-1.0.1/hardware/tools/avr/bin/../lib/gcc/avr/4.3.2/../../../../avr/lib\libcore.a(Print.cpp.o)
                0x00008270                Print::println()
 .text._ZN5Print5writeEPKc
                0x000082b0       0x28 e:/d_backup/tech/arduino-1.0.1-windows/arduino-1.0.1/hardware/tools/avr/bin/../lib/gcc/avr/4.3.2/../../../../avr/lib\libcore.a(Print.cpp.o)
                0x000082b0                Print::write(char const*)
 .text._ZN5Print11printNumberEmh
                0x000082d8       0xc8 e:/d_backup/tech/arduino-1.0.1-windows/arduino-1.0.1/hardware/tools/avr/bin/../lib/gcc/avr/4.3.2/../../../../avr/lib\libcore.a(Print.cpp.o)
                0x000082d8                Print::printNumber(unsigned long, unsigned char)
 .text._ZN5Print5printEmi
                0x000083a0       0x1e e:/d_backup/tech/arduino-1.0.1-windows/arduino-1.0.1/hardware/tools/avr/bin/../lib/gcc/avr/4.3.2/../../../../avr/lib\libcore.a(Print.cpp.o)
                0x000083a0                Print::print(unsigned long, int)
 .text._ZN5Print5printEji
                0x000083be       0x22 e:/d_backup/tech/arduino-1.0.1-windows/arduino-1.0.1/hardware/tools/avr/bin/../lib/gcc/avr/4.3.2/../../../../avr/lib\libcore.a(Print.cpp.o)
                0x000083be                Print::print(unsigned int, int)
 .text._ZN5Print7printlnEhi
                0x000083e0       0x3c e:/d_backup/tech/arduino-1.0.1-windows/arduino-1.0.1/hardware/tools/avr/bin/../lib/gcc/avr/4.3.2/../../../../avr/lib\libcore.a(Print.cpp.o)
                0x000083e0                Print::println(unsigned char, int)
 .text._ZN5Print5printEli
                0x0000841c       0x80 e:/d_backup/tech/arduino-1.0.1-windows/arduino-1.0.1/hardware/tools/avr/bin/../lib/gcc/avr/4.3.2/../../../../avr/lib\libcore.a(Print.cpp.o)
                0x0000841c                Print::print(long, int)
 .text._ZN5Print5printEii
                0x0000849c       0x26 e:/d_backup/tech/arduino-1.0.1-windows/arduino-1.0.1/hardware/tools/avr/bin/../lib/gcc/avr/4.3.2/../../../../avr/lib\libcore.a(Print.cpp.o)
                0x0000849c                Print::print(int, int)
 .text._ZN5Print7printlnEii
                0x000084c2       0x3e e:/d_backup/tech/arduino-1.0.1-windows/arduino-1.0.1/hardware/tools/avr/bin/../lib/gcc/avr/4.3.2/../../../../avr/lib\libcore.a(Print.cpp.o)
                0x000084c2                Print::println(int, int)
 .text._ZN5Print5printEPKc
                0x00008500        0x6 e:/d_backup/tech/arduino-1.0.1-windows/arduino-1.0.1/hardware/tools/avr/bin/../lib/gcc/avr/4.3.2/../../../../avr/lib\libcore.a(Print.cpp.o)
                0x00008500                Print::print(char const*)
 .text._ZN5Print10printFloatEdh
                0x00008506      0x136 e:/d_backup/tech/arduino-1.0.1-windows/arduino-1.0.1/hardware/tools/avr/bin/../lib/gcc/avr/4.3.2/../../../../avr/lib\libcore.a(Print.cpp.o)
                0x00008506                Print::printFloat(double, unsigned char)
 .text._ZN5Print5printEdi
                0x0000863c        0x6 e:/d_backup/tech/arduino-1.0.1-windows/arduino-1.0.1/hardware/tools/avr/bin/../lib/gcc/avr/4.3.2/../../../../avr/lib\libcore.a(Print.cpp.o)
                0x0000863c                Print::print(double, int)
 .text._ZN5Print7printlnEdi
                0x00008642       0x26 e:/d_backup/tech/arduino-1.0.1-windows/arduino-1.0.1/hardware/tools/avr/bin/../lib/gcc/avr/4.3.2/../../../../avr/lib\libcore.a(Print.cpp.o)
                0x00008642                Print::println(double, int)
 .text._ZN5Print7printlnEPKc
                0x00008668       0x26 e:/d_backup/tech/arduino-1.0.1-windows/arduino-1.0.1/hardware/tools/avr/bin/../lib/gcc/avr/4.3.2/../../../../avr/lib\libcore.a(Print.cpp.o)
                0x00008668                Print::println(char const*)
 .text._Z3maplllll
                0x0000868e       0x92 e:/d_backup/tech/arduino-1.0.1-windows/arduino-1.0.1/hardware/tools/avr/bin/../lib/gcc/avr/4.3.2/../../../../avr/lib\libcore.a(WMath.cpp.o)
                0x0000868e                map(long, long, long, long, long)
 .text.libgcc   0x00008720       0x3e e:/d_backup/tech/arduino-1.0.1-windows/arduino-1.0.1/hardware/tools/avr/bin/../lib/gcc/avr/4.3.2/avr6\libgcc.a(_mulsi3.o)
                0x00008720                __mulsi3
 .text.libgcc   0x0000875e       0x18 e:/d_backup/tech/arduino-1.0.1-windows/arduino-1.0.1/hardware/tools/avr/bin/../lib/gcc/avr/4.3.2/avr6\libgcc.a(_udivmodqi4.o)
                0x0000875e                __udivmodqi4
 .text.libgcc   0x00008776       0x28 e:/d_backup/tech/arduino-1.0.1-windows/arduino-1.0.1/hardware/tools/avr/bin/../lib/gcc/avr/4.3.2/avr6\libgcc.a(_udivmodhi4.o)
                0x00008776                __udivmodhi4
 .text.libgcc   0x0000879e       0x26 e:/d_backup/tech/arduino-1.0.1-windows/arduino-1.0.1/hardware/tools/avr/bin/../lib/gcc/avr/4.3.2/avr6\libgcc.a(_divmodhi4.o)
                0x0000879e                __divmodhi4
                0x0000879e                _div
 .text.libgcc   0x000087c4       0x44 e:/d_backup/tech/arduino-1.0.1-windows/arduino-1.0.1/hardware/tools/avr/bin/../lib/gcc/avr/4.3.2/avr6\libgcc.a(_udivmodsi4.o)
                0x000087c4                __udivmodsi4
 .text.libgcc   0x00008808       0x36 e:/d_backup/tech/arduino-1.0.1-windows/arduino-1.0.1/hardware/tools/avr/bin/../lib/gcc/avr/4.3.2/avr6\libgcc.a(_divmodsi4.o)
                0x00008808                __divmodsi4
 .text.libgcc   0x0000883e       0x38 e:/d_backup/tech/arduino-1.0.1-windows/arduino-1.0.1/hardware/tools/avr/bin/../lib/gcc/avr/4.3.2/avr6\libgcc.a(_prologue.o)
                0x0000883e                __prologue_saves__
 .text.libgcc   0x00008876       0x36 e:/d_backup/tech/arduino-1.0.1-windows/arduino-1.0.1/hardware/tools/avr/bin/../lib/gcc/avr/4.3.2/avr6\libgcc.a(_epilogue.o)
                0x00008876                __epilogue_restores__
 .text.libgcc   0x000088ac        0xc e:/d_backup/tech/arduino-1.0.1-windows/arduino-1.0.1/hardware/tools/avr/bin/../lib/gcc/avr/4.3.2/avr6\libgcc.a(_tablejump.o)
                0x000088b0                __tablejump__
                0x000088ac                __tablejump2__
                0x000088b8                . = ALIGN (0x2)
 *(.fini9)
 .fini9         0x000088b8        0x0 e:/d_backup/tech/arduino-1.0.1-windows/arduino-1.0.1/hardware/tools/avr/bin/../lib/gcc/avr/4.3.2/avr6\libgcc.a(_exit.o)
                0x000088b8                _exit
 *(.fini9)
 *(.fini8)
 *(.fini8)
 *(.fini7)
 *(.fini7)
 *(.fini6)
 .fini6         0x000088b8       0x16 e:/d_backup/tech/arduino-1.0.1-windows/arduino-1.0.1/hardware/tools/avr/bin/../lib/gcc/avr/4.3.2/avr6\libgcc.a(_dtors.o)
                0x000088b8                __do_global_dtors
 *(.fini6)
 *(.fini5)
 *(.fini5)
 *(.fini4)
 *(.fini4)
 *(.fini3)
 *(.fini3)
 *(.fini2)
 *(.fini2)
 *(.fini1)
 *(.fini1)
 *(.fini0)
 .fini0         0x000088ce        0x4 e:/d_backup/tech/arduino-1.0.1-windows/arduino-1.0.1/hardware/tools/avr/bin/../lib/gcc/avr/4.3.2/avr6\libgcc.a(_exit.o)
 *(.fini0)
                0x000088d2                _etext = .

.data           0x00800200      0x442 load address 0x000088d2
                0x00800200                PROVIDE (__data_start, .)
 *(.data)
 .data          0x00800200      0x23a ./planning/path_planning.o
 .data          0x0080043a       0x52 ./RangeFind/range_find.o
 .data          0x0080048c       0x56 ./Motion/motion.o
 .data          0x008004e2        0x6 ./Memory/memory_saved.o
 .data          0x008004e8        0x6 e:/d_backup/tech/arduino-1.0.1-windows/arduino-1.0.1/hardware/tools/avr/bin/../lib/gcc/avr/4.3.2/../../../../avr/lib/avr6\libc.a(malloc.o)
                0x008004ea                __malloc_heap_start
                0x008004ec                __malloc_heap_end
                0x008004e8                __malloc_margin
 .data          0x008004ee        0x2 e:/d_backup/tech/arduino-1.0.1-windows/arduino-1.0.1/hardware/tools/avr/bin/../lib/gcc/avr/4.3.2/../../../../avr/lib\libcore.a(Print.cpp.o)
 *(.data*)
 .data.dxOrientations
                0x008004f0        0x8 ./planning/path_planning.o
                0x008004f0                dxOrientations
 .data.dyOrientations
                0x008004f8        0x8 ./planning/path_planning.o
                0x008004f8                dyOrientations
 .data.dirX     0x00800500        0x8 ./planning/path_planning.o
                0x00800500                dirX
 .data.dirY     0x00800508        0x8 ./planning/path_planning.o
                0x00800508                dirY
 .data.yCoverage
                0x00800510        0x8 ./planning/path_planning.o
                0x00800510                yCoverage
 .data.xCoverage
                0x00800518        0x8 ./planning/path_planning.o
                0x00800518                xCoverage
 .data.directionCoverageMap
                0x00800520       0x10 ./planning/path_planning.o
                0x00800520                directionCoverageMap
 .data.robotOrientation
                0x00800530        0x2 ./Robot/robot.o
                0x00800530                robotOrientation
 .data.GRID_SIZE_X
                0x00800532        0x2 ./Robot/robot.o
                0x00800532                GRID_SIZE_X
 .data.GRID_SIZE_Y
                0x00800534        0x2 ./Robot/robot.o
                0x00800534                GRID_SIZE_Y
 .data.xDirections
                0x00800536        0x8 ./Robot/robot.o
                0x00800536                xDirections
 .data.yDirections
                0x0080053e        0x8 ./Robot/robot.o
                0x0080053e                yDirections
 .data.edgeData
                0x00800546       0x14 ./Robot/robot.o
                0x00800546                edgeData
 .data.sharpPins
                0x0080055a        0x6 ./RangeFind/range_find.o
                0x0080055a                sharpPins
 .data.directionMap
                0x00800560       0x10 ./RangeFind/range_find.o
                0x00800560                directionMap
 .data.parameters
                0x00800570        0x8 ./Motion/motion.o
                0x00800570                parameters
 .data.base     0x00800578        0x2 ./Motion/motion.o
                0x00800578                base
 .data.min      0x0080057a        0x2 ./Motion/motion.o
                0x0080057a                min
 .data.max      0x0080057c        0x2 ./Motion/motion.o
                0x0080057c                max
 .data.base1    0x0080057e        0x2 ./Motion/motion.o
                0x0080057e                base1
 .data.min1     0x00800580        0x2 ./Motion/motion.o
                0x00800580                min1
 .data.max1     0x00800582        0x2 ./Motion/motion.o
                0x00800582                max1
 .data.parameters_s
                0x00800584        0x8 ./Motion/motion.o
                0x00800584                parameters_s
 .data.base_s   0x0080058c        0x2 ./Motion/motion.o
                0x0080058c                base_s
 .data.min_s    0x0080058e        0x2 ./Motion/motion.o
                0x0080058e                min_s
 .data.max_s    0x00800590        0x2 ./Motion/motion.o
                0x00800590                max_s
 .data.base1_s  0x00800592        0x2 ./Motion/motion.o
                0x00800592                base1_s
 .data.min1_s   0x00800594        0x2 ./Motion/motion.o
                0x00800594                min1_s
 .data.max1_s   0x00800596        0x2 ./Motion/motion.o
                0x00800596                max1_s
 .data.mid1     0x00800598        0x2 ./Motion/motion.o
                0x00800598                mid1
 .data.low1     0x0080059a        0x2 ./Motion/motion.o
                0x0080059a                low1
 .data.high1    0x0080059c        0x2 ./Motion/motion.o
                0x0080059c                high1
 .data.mid2     0x0080059e        0x2 ./Motion/motion.o
                0x0080059e                mid2
 .data.low2     0x008005a0        0x2 ./Motion/motion.o
                0x008005a0                low2
 .data.high2    0x008005a2        0x2 ./Motion/motion.o
                0x008005a2                high2
 .data.encodeParams
                0x008005a4        0x8 ./Motion/motion.o
                0x008005a4                encodeParams
 .data.pinOuts  0x008005ac        0x8 ./Analog_Sensor/analog_sensor.o
                0x008005ac                pinOuts
 .data.analog_reference
                0x008005b4        0x1 e:/d_backup/tech/arduino-1.0.1-windows/arduino-1.0.1/hardware/tools/avr/bin/../lib/gcc/avr/4.3.2/../../../../avr/lib\libcore.a(wiring_analog.c.o)
                0x008005b4                analog_reference
 *(.rodata)
 *(.rodata*)
 .rodata._ZL18calibratedVoltages
                0x008005b5       0x1a ./RangeFind/range_find.o
 .rodata._ZL19calibratedDistances
                0x008005cf       0x1a ./RangeFind/range_find.o
 .rodata._ZZN10QTRSensors16calibrateOnOrOffEPPjS1_hE3C.4
                0x008005e9       0x20 ./QTRSensors/QTRSensors.o
 .rodata._ZZN10QTRSensors16calibrateOnOrOffEPPjS1_hE3C.3
                0x00800609       0x20 ./QTRSensors/QTRSensors.o
 .rodata._ZTV5Point
                0x00800629        0x8 ./Point/Point.o
                0x00800629                vtable for Point
 .rodata._ZTV14HardwareSerial
                0x00800631       0x10 e:/d_backup/tech/arduino-1.0.1-windows/arduino-1.0.1/hardware/tools/avr/bin/../lib/gcc/avr/4.3.2/../../../../avr/lib\libcore.a(HardwareSerial.cpp.o)
                0x00800631                vtable for HardwareSerial
 *(.gnu.linkonce.d*)
                0x00800642                . = ALIGN (0x2)
 *fill*         0x00800641        0x1 00
                0x00800642                _edata = .
                0x00800642                PROVIDE (__data_end, .)

.bss            0x00800642     0x10ba
                0x00800642                PROVIDE (__bss_start, .)
 *(.bss)
 *(.bss*)
 .bss.gameStage
                0x00800642        0x2 ./main.o
                0x00800642                gameStage
 .bss.gripServo
                0x00800644        0x3 ./servos/servo_action.o
                0x00800644                gripServo
 .bss.liftServo
                0x00800647        0x3 ./servos/servo_action.o
                0x00800647                liftServo
 .bss.stack     0x0080064a        0x8 ./planning/path_planning.o
                0x0080064a                stack
 .bss.queue     0x00800652        0xc ./planning/path_planning.o
                0x00800652                queue
 .bss.visited   0x0080065e       0x14 ./planning/path_planning.o
                0x0080065e                visited
 .bss.order     0x00800672       0x78 ./planning/path_planning.o
                0x00800672                order
 .bss.hasCovered
                0x008006ea        0x1 ./planning/path_planning.o
                0x008006ea                hasCovered
 .bss.covered   0x008006eb       0x14 ./planning/path_planning.o
                0x008006eb                covered
 .bss.robotOrientationMatrix
                0x008006ff       0x28 ./planning/path_planning.o
                0x008006ff                robotOrientationMatrix
 .bss.stack_size
                0x00800727        0x2 ./planning/path_planning.o
                0x00800727                stack_size
 .bss.found     0x00800729        0x1 ./planning/path_planning.o
                0x00800729                found
 .bss.ringNode  0x0080072a        0x1 ./planning/path_planning.o
                0x0080072a                ringNode
 .bss.defaultPoint
                0x0080072b        0x6 ./planning/path_planning.o
                0x0080072b                defaultPoint
 .bss.i         0x00800731        0x2 ./planning/path_planning.o
                0x00800731                i
 .bss.current   0x00800733        0x6 ./planning/path_planning.o
                0x00800733                current
 .bss.before    0x00800739        0x6 ./planning/path_planning.o
                0x00800739                before
 .bss.currentDx
                0x0080073f        0x2 ./planning/path_planning.o
                0x0080073f                currentDx
 .bss.currentDy
                0x00800741        0x2 ./planning/path_planning.o
                0x00800741                currentDy
 .bss.dxLocal   0x00800743        0x2 ./planning/path_planning.o
                0x00800743                dxLocal
 .bss.dyLocal   0x00800745        0x2 ./planning/path_planning.o
                0x00800745                dyLocal
 .bss.localOrientation
                0x00800747        0x2 ./planning/path_planning.o
                0x00800747                localOrientation
 .bss.bestCoverage
                0x00800749        0x2 ./planning/path_planning.o
                0x00800749                bestCoverage
 .bss.finallyBestCovered
                0x0080074b        0x6 ./planning/path_planning.o
                0x0080074b                finallyBestCovered
 .bss.ServoCount
                0x00800751        0x1 ./Servo/Servo.o
                0x00800751                ServoCount
 .bss._ZL6servos
                0x00800752       0x90 ./Servo/Servo.o
 .bss._ZL7Channel
                0x008007e2        0x4 ./Servo/Servo.o
 .bss.robotX    0x008007e6        0x2 ./Robot/robot.o
                0x008007e6                robotX
 .bss.robotY    0x008007e8        0x2 ./Robot/robot.o
                0x008007e8                robotY
 .bss.boxFound  0x008007ea        0x1 ./Robot/robot.o
                0x008007ea                boxFound
 .bss.boxPlace  0x008007eb        0x6 ./Robot/robot.o
                0x008007eb                boxPlace
 .bss.distances
                0x008007f1      0xbb8 ./RangeFind/range_find.o
                0x008007f1                distances
 .bss.counters  0x008013a9        0x6 ./RangeFind/range_find.o
                0x008013a9                counters
 .bss.averages  0x008013af        0xc ./RangeFind/range_find.o
                0x008013af                averages
 .bss.ranges    0x008013bb       0x10 ./RangeFind/range_find.o
                0x008013bb                ranges
 .bss.adjacentNodes
                0x008013cb        0x4 ./RangeFind/range_find.o
                0x008013cb                adjacentNodes
 .bss._ZZN10QTRSensors8readLineEPjhhE10last_value
                0x008013cf        0x2 ./QTRSensors/QTRSensors.o
 .bss.left_breaking
                0x008013d1        0x2 ./Motion/motion.o
                0x008013d1                left_breaking
 .bss.right_breaking
                0x008013d3        0x2 ./Motion/motion.o
                0x008013d3                right_breaking
 .bss.sensorValues
                0x008013d5       0x10 ./Motion/motion.o
                0x008013d5                sensorValues
 .bss.rightMotor
                0x008013e5        0x8 ./Motion/motion.o
                0x008013e5                rightMotor
 .bss.leftMotor
                0x008013ed        0x8 ./Motion/motion.o
                0x008013ed                leftMotor
 .bss.rightEncoder
                0x008013f5        0xc ./Motion/motion.o
                0x008013f5                rightEncoder
 .bss.leftEncoder
                0x00801401        0xc ./Motion/motion.o
                0x00801401                leftEncoder
 .bss.line_error
                0x0080140d        0x2 ./Motion/motion.o
                0x0080140d                line_error
 .bss.previous_error
                0x0080140f        0x2 ./Motion/motion.o
                0x0080140f                previous_error
 .bss.speedl    0x00801411        0x2 ./Motion/motion.o
                0x00801411                speedl
 .bss.speedr    0x00801413        0x2 ./Motion/motion.o
                0x00801413                speedr
 .bss.all_blacked
                0x00801415        0x1 ./Motion/motion.o
                0x00801415                all_blacked
 .bss.retaken   0x00801416        0x1 ./Motion/motion.o
                0x00801416                retaken
 .bss.speedl_s  0x00801417        0x2 ./Motion/motion.o
                0x00801417                speedl_s
 .bss.speedr_s  0x00801419        0x2 ./Motion/motion.o
                0x00801419                speedr_s
 .bss.previous_error_s
                0x0080141b        0x2 ./Motion/motion.o
                0x0080141b                previous_error_s
 .bss.line_error_s
                0x0080141d        0x2 ./Motion/motion.o
                0x0080141d                line_error_s
 .bss.leftSpeedEn
                0x0080141f        0x2 ./Motion/motion.o
                0x0080141f                leftSpeedEn
 .bss.rightSpeedEn
                0x00801421        0x2 ./Motion/motion.o
                0x00801421                rightSpeedEn
 .bss.encoderError
                0x00801423        0x2 ./Motion/motion.o
                0x00801423                encoderError
 .bss._ZN7Encoder13interruptArgsE
                0x00801425        0xc ./Encoder/Encoder.o
                0x00801425                Encoder::interruptArgs
 .bss.EEPROM    0x00801431        0x1 ./EEPROM/EEPROM.o
                0x00801431                EEPROM
 .bss.qtra      0x00801432       0x11 ./Analog_Sensor/analog_sensor.o
                0x00801432                qtra
 .bss.intFunc   0x00801443       0x10 e:/d_backup/tech/arduino-1.0.1-windows/arduino-1.0.1/hardware/tools/avr/bin/../lib/gcc/avr/4.3.2/../../../../avr/lib\libcore.a(WInterrupts.c.o)
 .bss.timer0_overflow_count
                0x00801453        0x4 e:/d_backup/tech/arduino-1.0.1-windows/arduino-1.0.1/hardware/tools/avr/bin/../lib/gcc/avr/4.3.2/../../../../avr/lib\libcore.a(wiring.c.o)
                0x00801453                timer0_overflow_count
 .bss.timer0_millis
                0x00801457        0x4 e:/d_backup/tech/arduino-1.0.1-windows/arduino-1.0.1/hardware/tools/avr/bin/../lib/gcc/avr/4.3.2/../../../../avr/lib\libcore.a(wiring.c.o)
                0x00801457                timer0_millis
 .bss.timer0_fract
                0x0080145b        0x1 e:/d_backup/tech/arduino-1.0.1-windows/arduino-1.0.1/hardware/tools/avr/bin/../lib/gcc/avr/4.3.2/../../../../avr/lib\libcore.a(wiring.c.o)
 .bss.rx_buffer
                0x0080145c       0x44 e:/d_backup/tech/arduino-1.0.1-windows/arduino-1.0.1/hardware/tools/avr/bin/../lib/gcc/avr/4.3.2/../../../../avr/lib\libcore.a(HardwareSerial.cpp.o)
                0x0080145c                rx_buffer
 .bss.tx_buffer
                0x008014a0       0x44 e:/d_backup/tech/arduino-1.0.1-windows/arduino-1.0.1/hardware/tools/avr/bin/../lib/gcc/avr/4.3.2/../../../../avr/lib\libcore.a(HardwareSerial.cpp.o)
                0x008014a0                tx_buffer
 .bss.rx_buffer1
                0x008014e4       0x44 e:/d_backup/tech/arduino-1.0.1-windows/arduino-1.0.1/hardware/tools/avr/bin/../lib/gcc/avr/4.3.2/../../../../avr/lib\libcore.a(HardwareSerial.cpp.o)
                0x008014e4                rx_buffer1
 .bss.tx_buffer1
                0x00801528       0x44 e:/d_backup/tech/arduino-1.0.1-windows/arduino-1.0.1/hardware/tools/avr/bin/../lib/gcc/avr/4.3.2/../../../../avr/lib\libcore.a(HardwareSerial.cpp.o)
                0x00801528                tx_buffer1
 .bss.rx_buffer2
                0x0080156c       0x44 e:/d_backup/tech/arduino-1.0.1-windows/arduino-1.0.1/hardware/tools/avr/bin/../lib/gcc/avr/4.3.2/../../../../avr/lib\libcore.a(HardwareSerial.cpp.o)
                0x0080156c                rx_buffer2
 .bss.tx_buffer2
                0x008015b0       0x44 e:/d_backup/tech/arduino-1.0.1-windows/arduino-1.0.1/hardware/tools/avr/bin/../lib/gcc/avr/4.3.2/../../../../avr/lib\libcore.a(HardwareSerial.cpp.o)
                0x008015b0                tx_buffer2
 .bss.rx_buffer3
                0x008015f4       0x44 e:/d_backup/tech/arduino-1.0.1-windows/arduino-1.0.1/hardware/tools/avr/bin/../lib/gcc/avr/4.3.2/../../../../avr/lib\libcore.a(HardwareSerial.cpp.o)
                0x008015f4                rx_buffer3
 .bss.tx_buffer3
                0x00801638       0x44 e:/d_backup/tech/arduino-1.0.1-windows/arduino-1.0.1/hardware/tools/avr/bin/../lib/gcc/avr/4.3.2/../../../../avr/lib\libcore.a(HardwareSerial.cpp.o)
                0x00801638                tx_buffer3
 .bss.Serial    0x0080167c       0x1f e:/d_backup/tech/arduino-1.0.1-windows/arduino-1.0.1/hardware/tools/avr/bin/../lib/gcc/avr/4.3.2/../../../../avr/lib\libcore.a(HardwareSerial.cpp.o)
                0x0080167c                Serial
 .bss.Serial1   0x0080169b       0x1f e:/d_backup/tech/arduino-1.0.1-windows/arduino-1.0.1/hardware/tools/avr/bin/../lib/gcc/avr/4.3.2/../../../../avr/lib\libcore.a(HardwareSerial.cpp.o)
                0x0080169b                Serial1
 .bss.Serial2   0x008016ba       0x1f e:/d_backup/tech/arduino-1.0.1-windows/arduino-1.0.1/hardware/tools/avr/bin/../lib/gcc/avr/4.3.2/../../../../avr/lib\libcore.a(HardwareSerial.cpp.o)
                0x008016ba                Serial2
 .bss.Serial3   0x008016d9       0x1f e:/d_backup/tech/arduino-1.0.1-windows/arduino-1.0.1/hardware/tools/avr/bin/../lib/gcc/avr/4.3.2/../../../../avr/lib\libcore.a(HardwareSerial.cpp.o)
                0x008016d9                Serial3
 *(COMMON)
 COMMON         0x008016f8        0x4 e:/d_backup/tech/arduino-1.0.1-windows/arduino-1.0.1/hardware/tools/avr/bin/../lib/gcc/avr/4.3.2/../../../../avr/lib/avr6\libc.a(malloc.o)
                0x008016f8                __brkval
                0x008016fa                __flp
                0x008016fc                PROVIDE (__bss_end, .)
                0x000088d2                __data_load_start = LOADADDR (.data)
                0x00008d14                __data_load_end = (__data_load_start + SIZEOF (.data))

.noinit         0x008016fc        0x0
                0x008016fc                PROVIDE (__noinit_start, .)
 *(.noinit*)
                0x008016fc                PROVIDE (__noinit_end, .)
                0x008016fc                _end = .
                0x008016fc                PROVIDE (__heap_start, .)

.eeprom         0x00810000        0x0
 *(.eeprom*)
                0x00810000                __eeprom_end = .

.fuse
 *(.fuse)
 *(.lfuse)
 *(.hfuse)
 *(.efuse)

.lock
 *(.lock*)

.signature
 *(.signature*)

.stab
 *(.stab)

.stabstr
 *(.stabstr)

.stab.excl
 *(.stab.excl)

.stab.exclstr
 *(.stab.exclstr)

.stab.index
 *(.stab.index)

.stab.indexstr
 *(.stab.indexstr)

.comment
 *(.comment)

.debug
 *(.debug)

.line
 *(.line)

.debug_srcinfo
 *(.debug_srcinfo)

.debug_sfnames
 *(.debug_sfnames)

.debug_aranges  0x00000000      0x5f0
 *(.debug_aranges)
 .debug_aranges
                0x00000000       0x68 e:/d_backup/tech/arduino-1.0.1-windows/arduino-1.0.1/hardware/tools/avr/bin/../lib/gcc/avr/4.3.2/../../../../avr/lib\libcore.a(WInterrupts.c.o)
 .debug_aranges
                0x00000068       0x48 e:/d_backup/tech/arduino-1.0.1-windows/arduino-1.0.1/hardware/tools/avr/bin/../lib/gcc/avr/4.3.2/../../../../avr/lib\libcore.a(wiring.c.o)
 .debug_aranges
                0x000000b0       0x30 e:/d_backup/tech/arduino-1.0.1-windows/arduino-1.0.1/hardware/tools/avr/bin/../lib/gcc/avr/4.3.2/../../../../avr/lib\libcore.a(wiring_analog.c.o)
 .debug_aranges
                0x000000e0       0x38 e:/d_backup/tech/arduino-1.0.1-windows/arduino-1.0.1/hardware/tools/avr/bin/../lib/gcc/avr/4.3.2/../../../../avr/lib\libcore.a(wiring_digital.c.o)
 .debug_aranges
                0x00000118       0x20 e:/d_backup/tech/arduino-1.0.1-windows/arduino-1.0.1/hardware/tools/avr/bin/../lib/gcc/avr/4.3.2/../../../../avr/lib\libcore.a(wiring_pulse.c.o)
 .debug_aranges
                0x00000138       0xd8 e:/d_backup/tech/arduino-1.0.1-windows/arduino-1.0.1/hardware/tools/avr/bin/../lib/gcc/avr/4.3.2/../../../../avr/lib\libcore.a(HardwareSerial.cpp.o)
 .debug_aranges
                0x00000210       0x48 e:/d_backup/tech/arduino-1.0.1-windows/arduino-1.0.1/hardware/tools/avr/bin/../lib/gcc/avr/4.3.2/../../../../avr/lib\libcore.a(new.cpp.o)
 .debug_aranges
                0x00000258       0xf0 e:/d_backup/tech/arduino-1.0.1-windows/arduino-1.0.1/hardware/tools/avr/bin/../lib/gcc/avr/4.3.2/../../../../avr/lib\libcore.a(Print.cpp.o)
 .debug_aranges
                0x00000348       0x48 e:/d_backup/tech/arduino-1.0.1-windows/arduino-1.0.1/hardware/tools/avr/bin/../lib/gcc/avr/4.3.2/../../../../avr/lib\libcore.a(WMath.cpp.o)
 .debug_aranges
                0x00000390      0x260 e:/d_backup/tech/arduino-1.0.1-windows/arduino-1.0.1/hardware/tools/avr/bin/../lib/gcc/avr/4.3.2/../../../../avr/lib\libcore.a(WString.cpp.o)

.debug_pubnames
                0x00000000      0xde8
 *(.debug_pubnames)
 .debug_pubnames
                0x00000000       0xb2 e:/d_backup/tech/arduino-1.0.1-windows/arduino-1.0.1/hardware/tools/avr/bin/../lib/gcc/avr/4.3.2/../../../../avr/lib\libcore.a(WInterrupts.c.o)
 .debug_pubnames
                0x000000b2       0x8d e:/d_backup/tech/arduino-1.0.1-windows/arduino-1.0.1/hardware/tools/avr/bin/../lib/gcc/avr/4.3.2/../../../../avr/lib\libcore.a(wiring.c.o)
 .debug_pubnames
                0x0000013f       0x5a e:/d_backup/tech/arduino-1.0.1-windows/arduino-1.0.1/hardware/tools/avr/bin/../lib/gcc/avr/4.3.2/../../../../avr/lib\libcore.a(wiring_analog.c.o)
 .debug_pubnames
                0x00000199       0xda e:/d_backup/tech/arduino-1.0.1-windows/arduino-1.0.1/hardware/tools/avr/bin/../lib/gcc/avr/4.3.2/../../../../avr/lib\libcore.a(wiring_digital.c.o)
 .debug_pubnames
                0x00000273       0x1e e:/d_backup/tech/arduino-1.0.1-windows/arduino-1.0.1/hardware/tools/avr/bin/../lib/gcc/avr/4.3.2/../../../../avr/lib\libcore.a(wiring_pulse.c.o)
 .debug_pubnames
                0x00000291      0x2ab e:/d_backup/tech/arduino-1.0.1-windows/arduino-1.0.1/hardware/tools/avr/bin/../lib/gcc/avr/4.3.2/../../../../avr/lib\libcore.a(HardwareSerial.cpp.o)
 .debug_pubnames
                0x0000053c       0x94 e:/d_backup/tech/arduino-1.0.1-windows/arduino-1.0.1/hardware/tools/avr/bin/../lib/gcc/avr/4.3.2/../../../../avr/lib\libcore.a(new.cpp.o)
 .debug_pubnames
                0x000005d0      0x200 e:/d_backup/tech/arduino-1.0.1-windows/arduino-1.0.1/hardware/tools/avr/bin/../lib/gcc/avr/4.3.2/../../../../avr/lib\libcore.a(Print.cpp.o)
 .debug_pubnames
                0x000007d0       0x59 e:/d_backup/tech/arduino-1.0.1-windows/arduino-1.0.1/hardware/tools/avr/bin/../lib/gcc/avr/4.3.2/../../../../avr/lib\libcore.a(WMath.cpp.o)
 .debug_pubnames
                0x00000829      0x5bf e:/d_backup/tech/arduino-1.0.1-windows/arduino-1.0.1/hardware/tools/avr/bin/../lib/gcc/avr/4.3.2/../../../../avr/lib\libcore.a(WString.cpp.o)

.debug_info     0x00000000     0x6e59
 *(.debug_info)
 .debug_info    0x00000000      0x2d2 e:/d_backup/tech/arduino-1.0.1-windows/arduino-1.0.1/hardware/tools/avr/bin/../lib/gcc/avr/4.3.2/../../../../avr/lib\libcore.a(WInterrupts.c.o)
 .debug_info    0x000002d2      0x37a e:/d_backup/tech/arduino-1.0.1-windows/arduino-1.0.1/hardware/tools/avr/bin/../lib/gcc/avr/4.3.2/../../../../avr/lib\libcore.a(wiring.c.o)
 .debug_info    0x0000064c      0x289 e:/d_backup/tech/arduino-1.0.1-windows/arduino-1.0.1/hardware/tools/avr/bin/../lib/gcc/avr/4.3.2/../../../../avr/lib\libcore.a(wiring_analog.c.o)
 .debug_info    0x000008d5      0x5d3 e:/d_backup/tech/arduino-1.0.1-windows/arduino-1.0.1/hardware/tools/avr/bin/../lib/gcc/avr/4.3.2/../../../../avr/lib\libcore.a(wiring_digital.c.o)
 .debug_info    0x00000ea8      0x347 e:/d_backup/tech/arduino-1.0.1-windows/arduino-1.0.1/hardware/tools/avr/bin/../lib/gcc/avr/4.3.2/../../../../avr/lib\libcore.a(wiring_pulse.c.o)
 .debug_info    0x000011ef     0x1ce4 e:/d_backup/tech/arduino-1.0.1-windows/arduino-1.0.1/hardware/tools/avr/bin/../lib/gcc/avr/4.3.2/../../../../avr/lib\libcore.a(HardwareSerial.cpp.o)
 .debug_info    0x00002ed3      0x13b e:/d_backup/tech/arduino-1.0.1-windows/arduino-1.0.1/hardware/tools/avr/bin/../lib/gcc/avr/4.3.2/../../../../avr/lib\libcore.a(new.cpp.o)
 .debug_info    0x0000300e     0x1ad5 e:/d_backup/tech/arduino-1.0.1-windows/arduino-1.0.1/hardware/tools/avr/bin/../lib/gcc/avr/4.3.2/../../../../avr/lib\libcore.a(Print.cpp.o)
 .debug_info    0x00004ae3      0x1b1 e:/d_backup/tech/arduino-1.0.1-windows/arduino-1.0.1/hardware/tools/avr/bin/../lib/gcc/avr/4.3.2/../../../../avr/lib\libcore.a(WMath.cpp.o)
 .debug_info    0x00004c94     0x21c5 e:/d_backup/tech/arduino-1.0.1-windows/arduino-1.0.1/hardware/tools/avr/bin/../lib/gcc/avr/4.3.2/../../../../avr/lib\libcore.a(WString.cpp.o)
 *(.gnu.linkonce.wi.*)

.debug_abbrev   0x00000000     0x1245
 *(.debug_abbrev)
 .debug_abbrev  0x00000000       0xfc e:/d_backup/tech/arduino-1.0.1-windows/arduino-1.0.1/hardware/tools/avr/bin/../lib/gcc/avr/4.3.2/../../../../avr/lib\libcore.a(WInterrupts.c.o)
 .debug_abbrev  0x000000fc      0x17d e:/d_backup/tech/arduino-1.0.1-windows/arduino-1.0.1/hardware/tools/avr/bin/../lib/gcc/avr/4.3.2/../../../../avr/lib\libcore.a(wiring.c.o)
 .debug_abbrev  0x00000279      0x117 e:/d_backup/tech/arduino-1.0.1-windows/arduino-1.0.1/hardware/tools/avr/bin/../lib/gcc/avr/4.3.2/../../../../avr/lib\libcore.a(wiring_analog.c.o)
 .debug_abbrev  0x00000390      0x167 e:/d_backup/tech/arduino-1.0.1-windows/arduino-1.0.1/hardware/tools/avr/bin/../lib/gcc/avr/4.3.2/../../../../avr/lib\libcore.a(wiring_digital.c.o)
 .debug_abbrev  0x000004f7       0xf8 e:/d_backup/tech/arduino-1.0.1-windows/arduino-1.0.1/hardware/tools/avr/bin/../lib/gcc/avr/4.3.2/../../../../avr/lib\libcore.a(wiring_pulse.c.o)
 .debug_abbrev  0x000005ef      0x461 e:/d_backup/tech/arduino-1.0.1-windows/arduino-1.0.1/hardware/tools/avr/bin/../lib/gcc/avr/4.3.2/../../../../avr/lib\libcore.a(HardwareSerial.cpp.o)
 .debug_abbrev  0x00000a50       0xdd e:/d_backup/tech/arduino-1.0.1-windows/arduino-1.0.1/hardware/tools/avr/bin/../lib/gcc/avr/4.3.2/../../../../avr/lib\libcore.a(new.cpp.o)
 .debug_abbrev  0x00000b2d      0x336 e:/d_backup/tech/arduino-1.0.1-windows/arduino-1.0.1/hardware/tools/avr/bin/../lib/gcc/avr/4.3.2/../../../../avr/lib\libcore.a(Print.cpp.o)
 .debug_abbrev  0x00000e63       0x9f e:/d_backup/tech/arduino-1.0.1-windows/arduino-1.0.1/hardware/tools/avr/bin/../lib/gcc/avr/4.3.2/../../../../avr/lib\libcore.a(WMath.cpp.o)
 .debug_abbrev  0x00000f02      0x343 e:/d_backup/tech/arduino-1.0.1-windows/arduino-1.0.1/hardware/tools/avr/bin/../lib/gcc/avr/4.3.2/../../../../avr/lib\libcore.a(WString.cpp.o)

.debug_line     0x00000000     0x3997
 *(.debug_line)
 .debug_line    0x00000000      0x45d e:/d_backup/tech/arduino-1.0.1-windows/arduino-1.0.1/hardware/tools/avr/bin/../lib/gcc/avr/4.3.2/../../../../avr/lib\libcore.a(WInterrupts.c.o)
 .debug_line    0x0000045d      0x43d e:/d_backup/tech/arduino-1.0.1-windows/arduino-1.0.1/hardware/tools/avr/bin/../lib/gcc/avr/4.3.2/../../../../avr/lib\libcore.a(wiring.c.o)
 .debug_line    0x0000089a      0x39d e:/d_backup/tech/arduino-1.0.1-windows/arduino-1.0.1/hardware/tools/avr/bin/../lib/gcc/avr/4.3.2/../../../../avr/lib\libcore.a(wiring_analog.c.o)
 .debug_line    0x00000c37      0x38d e:/d_backup/tech/arduino-1.0.1-windows/arduino-1.0.1/hardware/tools/avr/bin/../lib/gcc/avr/4.3.2/../../../../avr/lib\libcore.a(wiring_digital.c.o)
 .debug_line    0x00000fc4      0x268 e:/d_backup/tech/arduino-1.0.1-windows/arduino-1.0.1/hardware/tools/avr/bin/../lib/gcc/avr/4.3.2/../../../../avr/lib\libcore.a(wiring_pulse.c.o)
 .debug_line    0x0000122c      0xab8 e:/d_backup/tech/arduino-1.0.1-windows/arduino-1.0.1/hardware/tools/avr/bin/../lib/gcc/avr/4.3.2/../../../../avr/lib\libcore.a(HardwareSerial.cpp.o)
 .debug_line    0x00001ce4      0x21e e:/d_backup/tech/arduino-1.0.1-windows/arduino-1.0.1/hardware/tools/avr/bin/../lib/gcc/avr/4.3.2/../../../../avr/lib\libcore.a(new.cpp.o)
 .debug_line    0x00001f02      0x7a9 e:/d_backup/tech/arduino-1.0.1-windows/arduino-1.0.1/hardware/tools/avr/bin/../lib/gcc/avr/4.3.2/../../../../avr/lib\libcore.a(Print.cpp.o)
 .debug_line    0x000026ab      0x16e e:/d_backup/tech/arduino-1.0.1-windows/arduino-1.0.1/hardware/tools/avr/bin/../lib/gcc/avr/4.3.2/../../../../avr/lib\libcore.a(WMath.cpp.o)
 .debug_line    0x00002819     0x117e e:/d_backup/tech/arduino-1.0.1-windows/arduino-1.0.1/hardware/tools/avr/bin/../lib/gcc/avr/4.3.2/../../../../avr/lib\libcore.a(WString.cpp.o)

.debug_frame    0x00000000      0xaa0
 *(.debug_frame)
 .debug_frame   0x00000000       0xb0 e:/d_backup/tech/arduino-1.0.1-windows/arduino-1.0.1/hardware/tools/avr/bin/../lib/gcc/avr/4.3.2/../../../../avr/lib\libcore.a(WInterrupts.c.o)
 .debug_frame   0x000000b0       0x70 e:/d_backup/tech/arduino-1.0.1-windows/arduino-1.0.1/hardware/tools/avr/bin/../lib/gcc/avr/4.3.2/../../../../avr/lib\libcore.a(wiring.c.o)
 .debug_frame   0x00000120       0x40 e:/d_backup/tech/arduino-1.0.1-windows/arduino-1.0.1/hardware/tools/avr/bin/../lib/gcc/avr/4.3.2/../../../../avr/lib\libcore.a(wiring_analog.c.o)
 .debug_frame   0x00000160       0x50 e:/d_backup/tech/arduino-1.0.1-windows/arduino-1.0.1/hardware/tools/avr/bin/../lib/gcc/avr/4.3.2/../../../../avr/lib\libcore.a(wiring_digital.c.o)
 .debug_frame   0x000001b0       0x20 e:/d_backup/tech/arduino-1.0.1-windows/arduino-1.0.1/hardware/tools/avr/bin/../lib/gcc/avr/4.3.2/../../../../avr/lib\libcore.a(wiring_pulse.c.o)
 .debug_frame   0x000001d0      0x190 e:/d_backup/tech/arduino-1.0.1-windows/arduino-1.0.1/hardware/tools/avr/bin/../lib/gcc/avr/4.3.2/../../../../avr/lib\libcore.a(HardwareSerial.cpp.o)
 .debug_frame   0x00000360       0x70 e:/d_backup/tech/arduino-1.0.1-windows/arduino-1.0.1/hardware/tools/avr/bin/../lib/gcc/avr/4.3.2/../../../../avr/lib\libcore.a(new.cpp.o)
 .debug_frame   0x000003d0      0x1c0 e:/d_backup/tech/arduino-1.0.1-windows/arduino-1.0.1/hardware/tools/avr/bin/../lib/gcc/avr/4.3.2/../../../../avr/lib\libcore.a(Print.cpp.o)
 .debug_frame   0x00000590       0x70 e:/d_backup/tech/arduino-1.0.1-windows/arduino-1.0.1/hardware/tools/avr/bin/../lib/gcc/avr/4.3.2/../../../../avr/lib\libcore.a(WMath.cpp.o)
 .debug_frame   0x00000600      0x4a0 e:/d_backup/tech/arduino-1.0.1-windows/arduino-1.0.1/hardware/tools/avr/bin/../lib/gcc/avr/4.3.2/../../../../avr/lib\libcore.a(WString.cpp.o)

.debug_str      0x00000000     0x19c3
 *(.debug_str)
 .debug_str     0x00000000      0x166 e:/d_backup/tech/arduino-1.0.1-windows/arduino-1.0.1/hardware/tools/avr/bin/../lib/gcc/avr/4.3.2/../../../../avr/lib\libcore.a(WInterrupts.c.o)
                                0x19f (size before relaxing)
 .debug_str     0x00000166       0xd5 e:/d_backup/tech/arduino-1.0.1-windows/arduino-1.0.1/hardware/tools/avr/bin/../lib/gcc/avr/4.3.2/../../../../avr/lib\libcore.a(wiring.c.o)
                                0x172 (size before relaxing)
 .debug_str     0x0000023b       0xcc e:/d_backup/tech/arduino-1.0.1-windows/arduino-1.0.1/hardware/tools/avr/bin/../lib/gcc/avr/4.3.2/../../../../avr/lib\libcore.a(wiring_analog.c.o)
                                0x170 (size before relaxing)
 .debug_str     0x00000307      0x106 e:/d_backup/tech/arduino-1.0.1-windows/arduino-1.0.1/hardware/tools/avr/bin/../lib/gcc/avr/4.3.2/../../../../avr/lib\libcore.a(wiring_digital.c.o)
                                0x1dd (size before relaxing)
 .debug_str     0x0000040d       0x93 e:/d_backup/tech/arduino-1.0.1-windows/arduino-1.0.1/hardware/tools/avr/bin/../lib/gcc/avr/4.3.2/../../../../avr/lib\libcore.a(wiring_pulse.c.o)
                                0x197 (size before relaxing)
 .debug_str     0x000004a0      0xd7c e:/d_backup/tech/arduino-1.0.1-windows/arduino-1.0.1/hardware/tools/avr/bin/../lib/gcc/avr/4.3.2/../../../../avr/lib\libcore.a(HardwareSerial.cpp.o)
                                0xe86 (size before relaxing)
 .debug_str     0x0000121c       0xdb e:/d_backup/tech/arduino-1.0.1-windows/arduino-1.0.1/hardware/tools/avr/bin/../lib/gcc/avr/4.3.2/../../../../avr/lib\libcore.a(new.cpp.o)
                                0x119 (size before relaxing)
 .debug_str     0x000012f7      0x3de e:/d_backup/tech/arduino-1.0.1-windows/arduino-1.0.1/hardware/tools/avr/bin/../lib/gcc/avr/4.3.2/../../../../avr/lib\libcore.a(Print.cpp.o)
                                0xc0f (size before relaxing)
 .debug_str     0x000016d5       0xff e:/d_backup/tech/arduino-1.0.1-windows/arduino-1.0.1/hardware/tools/avr/bin/../lib/gcc/avr/4.3.2/../../../../avr/lib\libcore.a(WMath.cpp.o)
                                0x131 (size before relaxing)
 .debug_str     0x000017d4      0x1ef e:/d_backup/tech/arduino-1.0.1-windows/arduino-1.0.1/hardware/tools/avr/bin/../lib/gcc/avr/4.3.2/../../../../avr/lib\libcore.a(WString.cpp.o)
                                0x9ab (size before relaxing)

.debug_loc      0x00000000     0x3bb3
 *(.debug_loc)
 .debug_loc     0x00000000       0x93 e:/d_backup/tech/arduino-1.0.1-windows/arduino-1.0.1/hardware/tools/avr/bin/../lib/gcc/avr/4.3.2/../../../../avr/lib\libcore.a(WInterrupts.c.o)
 .debug_loc     0x00000093      0x16d e:/d_backup/tech/arduino-1.0.1-windows/arduino-1.0.1/hardware/tools/avr/bin/../lib/gcc/avr/4.3.2/../../../../avr/lib\libcore.a(wiring.c.o)
 .debug_loc     0x00000200      0x19d e:/d_backup/tech/arduino-1.0.1-windows/arduino-1.0.1/hardware/tools/avr/bin/../lib/gcc/avr/4.3.2/../../../../avr/lib\libcore.a(wiring_analog.c.o)
 .debug_loc     0x0000039d      0x25a e:/d_backup/tech/arduino-1.0.1-windows/arduino-1.0.1/hardware/tools/avr/bin/../lib/gcc/avr/4.3.2/../../../../avr/lib\libcore.a(wiring_digital.c.o)
 .debug_loc     0x000005f7      0x279 e:/d_backup/tech/arduino-1.0.1-windows/arduino-1.0.1/hardware/tools/avr/bin/../lib/gcc/avr/4.3.2/../../../../avr/lib\libcore.a(wiring_pulse.c.o)
 .debug_loc     0x00000870      0x3ee e:/d_backup/tech/arduino-1.0.1-windows/arduino-1.0.1/hardware/tools/avr/bin/../lib/gcc/avr/4.3.2/../../../../avr/lib\libcore.a(HardwareSerial.cpp.o)
 .debug_loc     0x00000c5e       0x80 e:/d_backup/tech/arduino-1.0.1-windows/arduino-1.0.1/hardware/tools/avr/bin/../lib/gcc/avr/4.3.2/../../../../avr/lib\libcore.a(new.cpp.o)
 .debug_loc     0x00000cde      0xd88 e:/d_backup/tech/arduino-1.0.1-windows/arduino-1.0.1/hardware/tools/avr/bin/../lib/gcc/avr/4.3.2/../../../../avr/lib\libcore.a(Print.cpp.o)
 .debug_loc     0x00001a66      0x248 e:/d_backup/tech/arduino-1.0.1-windows/arduino-1.0.1/hardware/tools/avr/bin/../lib/gcc/avr/4.3.2/../../../../avr/lib\libcore.a(WMath.cpp.o)
 .debug_loc     0x00001cae     0x1f05 e:/d_backup/tech/arduino-1.0.1-windows/arduino-1.0.1/hardware/tools/avr/bin/../lib/gcc/avr/4.3.2/../../../../avr/lib\libcore.a(WString.cpp.o)

.debug_macinfo
 *(.debug_macinfo)
OUTPUT(Template.elf elf32-avr)
LOAD linker stubs

.debug_ranges   0x00000000      0x5b8
 .debug_ranges  0x00000000       0x60 e:/d_backup/tech/arduino-1.0.1-windows/arduino-1.0.1/hardware/tools/avr/bin/../lib/gcc/avr/4.3.2/../../../../avr/lib\libcore.a(WInterrupts.c.o)
 .debug_ranges  0x00000060       0x40 e:/d_backup/tech/arduino-1.0.1-windows/arduino-1.0.1/hardware/tools/avr/bin/../lib/gcc/avr/4.3.2/../../../../avr/lib\libcore.a(wiring.c.o)
 .debug_ranges  0x000000a0       0x28 e:/d_backup/tech/arduino-1.0.1-windows/arduino-1.0.1/hardware/tools/avr/bin/../lib/gcc/avr/4.3.2/../../../../avr/lib\libcore.a(wiring_analog.c.o)
 .debug_ranges  0x000000c8       0x30 e:/d_backup/tech/arduino-1.0.1-windows/arduino-1.0.1/hardware/tools/avr/bin/../lib/gcc/avr/4.3.2/../../../../avr/lib\libcore.a(wiring_digital.c.o)
 .debug_ranges  0x000000f8       0x18 e:/d_backup/tech/arduino-1.0.1-windows/arduino-1.0.1/hardware/tools/avr/bin/../lib/gcc/avr/4.3.2/../../../../avr/lib\libcore.a(wiring_pulse.c.o)
 .debug_ranges  0x00000110       0xd0 e:/d_backup/tech/arduino-1.0.1-windows/arduino-1.0.1/hardware/tools/avr/bin/../lib/gcc/avr/4.3.2/../../../../avr/lib\libcore.a(HardwareSerial.cpp.o)
 .debug_ranges  0x000001e0       0x40 e:/d_backup/tech/arduino-1.0.1-windows/arduino-1.0.1/hardware/tools/avr/bin/../lib/gcc/avr/4.3.2/../../../../avr/lib\libcore.a(new.cpp.o)
 .debug_ranges  0x00000220       0xe8 e:/d_backup/tech/arduino-1.0.1-windows/arduino-1.0.1/hardware/tools/avr/bin/../lib/gcc/avr/4.3.2/../../../../avr/lib\libcore.a(Print.cpp.o)
 .debug_ranges  0x00000308       0x40 e:/d_backup/tech/arduino-1.0.1-windows/arduino-1.0.1/hardware/tools/avr/bin/../lib/gcc/avr/4.3.2/../../../../avr/lib\libcore.a(WMath.cpp.o)
 .debug_ranges  0x00000348      0x270 e:/d_backup/tech/arduino-1.0.1-windows/arduino-1.0.1/hardware/tools/avr/bin/../lib/gcc/avr/4.3.2/../../../../avr/lib\libcore.a(WString.cpp.o)

Cross Reference Table

Symbol                                            File
EEPROM                                            ./EEPROM/EEPROM.o
                                                  ./Memory/memory_saved.o
                                                  ./planning/path_planning.o
EEPROMClass::read(int)                            ./EEPROM/EEPROM.o
                                                  ./Memory/memory_saved.o
                                                  ./planning/path_planning.o
EEPROMClass::write(int, unsigned char)            ./EEPROM/EEPROM.o
                                                  ./Memory/memory_saved.o
Encoder::Encoder(unsigned char, unsigned char)    ./Motion/motion.o
Encoder::attach_interrupt(unsigned char, Encoder_internal_state_t*) ./Motion/motion.o
Encoder::interruptArgs                            ./Encoder/Encoder.o
                                                  ./Motion/motion.o
Encoder::isr0()                                   ./Motion/motion.o
Encoder::isr1()                                   ./Motion/motion.o
Encoder::isr2()                                   ./Motion/motion.o
Encoder::isr3()                                   ./Motion/motion.o
Encoder::isr4()                                   ./Motion/motion.o
Encoder::isr5()                                   ./Motion/motion.o
GRID_SIZE_X                                       ./Robot/robot.o
                                                  ./Memory/memory_saved.o
                                                  ./planning/path_planning.o
GRID_SIZE_Y                                       ./Robot/robot.o
                                                  ./Memory/memory_saved.o
                                                  ./planning/path_planning.o
HardwareSerial::HardwareSerial(ring_buffer*, ring_buffer*, unsigned char volatile*, unsigned char volatile*, unsigned char volatile*, unsigned char volatile*, unsigned char volatile*, unsigned char, unsigned char, unsigned char, unsigned char, unsigned char) e:/d_backup/tech/arduino-1.0.1-windows/arduino-1.0.1/hardware/tools/avr/bin/../lib/gcc/avr/4.3.2/../../../../avr/lib\libcore.a(HardwareSerial.cpp.o)
HardwareSerial::HardwareSerial(ring_buffer*, ring_buffer*, unsigned char volatile*, unsigned char volatile*, unsigned char volatile*, unsigned char volatile*, unsigned char volatile*, unsigned char, unsigned char, unsigned char, unsigned char, unsigned char) e:/d_backup/tech/arduino-1.0.1-windows/arduino-1.0.1/hardware/tools/avr/bin/../lib/gcc/avr/4.3.2/../../../../avr/lib\libcore.a(HardwareSerial.cpp.o)
HardwareSerial::available()                       e:/d_backup/tech/arduino-1.0.1-windows/arduino-1.0.1/hardware/tools/avr/bin/../lib/gcc/avr/4.3.2/../../../../avr/lib\libcore.a(HardwareSerial.cpp.o)
HardwareSerial::begin(unsigned long)              e:/d_backup/tech/arduino-1.0.1-windows/arduino-1.0.1/hardware/tools/avr/bin/../lib/gcc/avr/4.3.2/../../../../avr/lib\libcore.a(HardwareSerial.cpp.o)
                                                  ./main.o
HardwareSerial::end()                             e:/d_backup/tech/arduino-1.0.1-windows/arduino-1.0.1/hardware/tools/avr/bin/../lib/gcc/avr/4.3.2/../../../../avr/lib\libcore.a(HardwareSerial.cpp.o)
HardwareSerial::flush()                           e:/d_backup/tech/arduino-1.0.1-windows/arduino-1.0.1/hardware/tools/avr/bin/../lib/gcc/avr/4.3.2/../../../../avr/lib\libcore.a(HardwareSerial.cpp.o)
HardwareSerial::operator bool()                   e:/d_backup/tech/arduino-1.0.1-windows/arduino-1.0.1/hardware/tools/avr/bin/../lib/gcc/avr/4.3.2/../../../../avr/lib\libcore.a(HardwareSerial.cpp.o)
HardwareSerial::peek()                            e:/d_backup/tech/arduino-1.0.1-windows/arduino-1.0.1/hardware/tools/avr/bin/../lib/gcc/avr/4.3.2/../../../../avr/lib\libcore.a(HardwareSerial.cpp.o)
HardwareSerial::read()                            e:/d_backup/tech/arduino-1.0.1-windows/arduino-1.0.1/hardware/tools/avr/bin/../lib/gcc/avr/4.3.2/../../../../avr/lib\libcore.a(HardwareSerial.cpp.o)
HardwareSerial::write(unsigned char)              e:/d_backup/tech/arduino-1.0.1-windows/arduino-1.0.1/hardware/tools/avr/bin/../lib/gcc/avr/4.3.2/../../../../avr/lib\libcore.a(HardwareSerial.cpp.o)
Motor::Motor(int, int, int)                       ./Motor/Motor.o
Motor::Motor(int, int, int)                       ./Motor/Motor.o
                                                  ./Motion/motion.o
Motor::backward()                                 ./Motor/Motor.o
                                                  ./Motion/motion.o
Motor::forward()                                  ./Motor/Motor.o
                                                  ./Motion/motion.o
                                                  ./main.o
Motor::free()                                     ./Motor/Motor.o
Motor::readSpeed()                                ./Motor/Motor.o
Motor::setSpeed(int)                              ./Motor/Motor.o
                                                  ./Motion/motion.o
                                                  ./main.o
Motor::start()                                    ./Motor/Motor.o
Motor::stop()                                     ./Motor/Motor.o
                                                  ./Motion/motion.o
                                                  ./main.o
Point::Point()                                    ./Point/Point.o
Point::Point()                                    ./Point/Point.o
                                                  ./RangeFind/range_find.o
                                                  ./planning/path_planning.o
Point::Point(int, int)                            ./Point/Point.o
                                                  ./Robot/robot.o
                                                  ./planning/path_planning.o
                                                  ./main.o
Point::Point(int, int)                            ./Point/Point.o
Point::similar(Point)                             ./Point/Point.o
                                                  ./planning/path_planning.o
Point::~Point()                                   ./Point/Point.o
Point::~Point()                                   ./Point/Point.o
Point::~Point()                                   ./Point/Point.o
                                                  ./RangeFind/range_find.o
                                                  ./Robot/robot.o
                                                  ./planning/path_planning.o
                                                  ./main.o
Print::print(Printable const&)                    e:/d_backup/tech/arduino-1.0.1-windows/arduino-1.0.1/hardware/tools/avr/bin/../lib/gcc/avr/4.3.2/../../../../avr/lib\libcore.a(Print.cpp.o)
Print::print(String const&)                       e:/d_backup/tech/arduino-1.0.1-windows/arduino-1.0.1/hardware/tools/avr/bin/../lib/gcc/avr/4.3.2/../../../../avr/lib\libcore.a(Print.cpp.o)